[    0.000000] Initializing cgroup subsys cpuset
[    0.000000] Initializing cgroup subsys cpu
[    0.000000] Initializing cgroup subsys cpuacct
[    0.000000] Linux version 4.4.0-210-generic (buildd@lgw01-amd64-009) (gcc version 5.4.0 20160609 (Ubuntu 5.4.0-6ubuntu1~16.04.12) ) #242-Ubuntu SMP Fri Apr 16 09:57:56 UTC 2021 (Ubuntu 4.4.0-210.242-generic 4.4.262)
[    0.000000] Command line: BOOT_IMAGE=/boot/vmlinuz-4.4.0-210-generic root=LABEL=cloudimg-rootfs ro console=tty1 console=ttyS0
[    0.000000] KERNEL supported cpus:
[    0.000000]   Intel GenuineIntel
[    0.000000]   AMD AuthenticAMD
[    0.000000]   Centaur CentaurHauls
[    0.000000] x86/fpu: xstate_offset[2]:  576, xstate_sizes[2]:  256
[    0.000000] x86/fpu: Supporting XSAVE feature 0x01: 'x87 floating point registers'
[    0.000000] x86/fpu: Supporting XSAVE feature 0x02: 'SSE registers'
[    0.000000] x86/fpu: Supporting XSAVE feature 0x04: 'AVX registers'
[    0.000000] x86/fpu: Enabled xstate features 0x7, context size is 832 bytes, using 'standard' format.
[    0.000000] e820: BIOS-provided physical RAM map:
[    0.000000] BIOS-e820: [mem 0x0000000000000000-0x000000000009fbff] usable
[    0.000000] BIOS-e820: [mem 0x000000000009fc00-0x000000000009ffff] reserved
[    0.000000] BIOS-e820: [mem 0x00000000000f0000-0x00000000000fffff] reserved
[    0.000000] BIOS-e820: [mem 0x0000000000100000-0x00000000dffeffff] usable
[    0.000000] BIOS-e820: [mem 0x00000000dfff0000-0x00000000dfffffff] ACPI data
[    0.000000] BIOS-e820: [mem 0x00000000fec00000-0x00000000fec00fff] reserved
[    0.000000] BIOS-e820: [mem 0x00000000fee00000-0x00000000fee00fff] reserved
[    0.000000] BIOS-e820: [mem 0x00000000fffc0000-0x00000000ffffffff] reserved
[    0.000000] BIOS-e820: [mem 0x0000000100000000-0x000000011fffffff] usable
[    0.000000] NX (Execute Disable) protection: active
[    0.000000] SMBIOS 2.5 present.
[    0.000000] Hypervisor detected: KVM
[    0.000000] e820: last_pfn = 0x120000 max_arch_pfn = 0x400000000
[    0.000000] MTRR: Disabled
[    0.000000] x86/PAT: MTRRs disabled, skipping PAT initialization too.
[    0.000000] CPU MTRRs all blank - virtualized system.
[    0.000000] x86/PAT: Configuration [0-7]: WB  WT  UC- UC  WB  WT  UC- UC  
[    0.000000] e820: last_pfn = 0xdfff0 max_arch_pfn = 0x400000000
[    0.000000] found SMP MP-table at [mem 0x0009fff0-0x0009ffff] mapped at [ffff88000009fff0]
[    0.000000] Scanning 1 areas for low memory corruption
[    0.000000] RAMDISK: [mem 0x362dc000-0x37165fff]
[    0.000000] ACPI: Early table checksum verification disabled
[    0.000000] ACPI: RSDP 0x00000000000E0000 000024 (v02 VBOX  )
[    0.000000] ACPI: XSDT 0x00000000DFFF0030 00003C (v01 VBOX   VBOXXSDT 00000001 ASL  00000061)
[    0.000000] ACPI: FACP 0x00000000DFFF00F0 0000F4 (v04 VBOX   VBOXFACP 00000001 ASL  00000061)
[    0.000000] ACPI: DSDT 0x00000000DFFF0610 002353 (v02 VBOX   VBOXBIOS 00000002 INTL 20200925)
[    0.000000] ACPI: FACS 0x00000000DFFF0200 000040
[    0.000000] ACPI: FACS 0x00000000DFFF0200 000040
[    0.000000] ACPI: APIC 0x00000000DFFF0240 000054 (v02 VBOX   VBOXAPIC 00000001 ASL  00000061)
[    0.000000] ACPI: SSDT 0x00000000DFFF02A0 00036C (v01 VBOX   VBOXCPUT 00000002 INTL 20200925)
[    0.000000] No NUMA configuration found
[    0.000000] Faking a node at [mem 0x0000000000000000-0x000000011fffffff]
[    0.000000] NODE_DATA(0) allocated [mem 0x11fff7000-0x11fffbfff]
[    0.000000] kvm-clock: Using msrs 4b564d01 and 4b564d00
[    0.000000] kvm-clock: cpu 0, msr 1:1ffef001, primary cpu clock
[    0.000000] kvm-clock: using sched offset of 2795968266 cycles
[    0.000000] clocksource: kvm-clock: mask: 0xffffffffffffffff max_cycles: 0x1cd42e4dffb, max_idle_ns: 881590591483 ns
[    0.000000] Zone ranges:
[    0.000000]   DMA      [mem 0x0000000000001000-0x0000000000ffffff]
[    0.000000]   DMA32    [mem 0x0000000001000000-0x00000000ffffffff]
[    0.000000]   Normal   [mem 0x0000000100000000-0x000000011fffffff]
[    0.000000]   Device   empty
[    0.000000] Movable zone start for each node
[    0.000000] Early memory node ranges
[    0.000000]   node   0: [mem 0x0000000000001000-0x000000000009efff]
[    0.000000]   node   0: [mem 0x0000000000100000-0x00000000dffeffff]
[    0.000000]   node   0: [mem 0x0000000100000000-0x000000011fffffff]
[    0.000000] Initmem setup node 0 [mem 0x0000000000001000-0x000000011fffffff]
[    0.000000] ACPI: PM-Timer IO Port: 0x4008
[    0.000000] IOAPIC[0]: apic_id 1, version 32, address 0xfec00000, GSI 0-23
[    0.000000] ACPI: INT_SRC_OVR (bus 0 bus_irq 0 global_irq 2 dfl dfl)
[    0.000000] ACPI: INT_SRC_OVR (bus 0 bus_irq 9 global_irq 9 low level)
[    0.000000] Using ACPI (MADT) for SMP configuration information
[    0.000000] smpboot: Allowing 1 CPUs, 0 hotplug CPUs
[    0.000000] PM: Registered nosave memory: [mem 0x00000000-0x00000fff]
[    0.000000] PM: Registered nosave memory: [mem 0x0009f000-0x0009ffff]
[    0.000000] PM: Registered nosave memory: [mem 0x000a0000-0x000effff]
[    0.000000] PM: Registered nosave memory: [mem 0x000f0000-0x000fffff]
[    0.000000] PM: Registered nosave memory: [mem 0xdfff0000-0xdfffffff]
[    0.000000] PM: Registered nosave memory: [mem 0xe0000000-0xfebfffff]
[    0.000000] PM: Registered nosave memory: [mem 0xfec00000-0xfec00fff]
[    0.000000] PM: Registered nosave memory: [mem 0xfec01000-0xfedfffff]
[    0.000000] PM: Registered nosave memory: [mem 0xfee00000-0xfee00fff]
[    0.000000] PM: Registered nosave memory: [mem 0xfee01000-0xfffbffff]
[    0.000000] PM: Registered nosave memory: [mem 0xfffc0000-0xffffffff]
[    0.000000] e820: [mem 0xe0000000-0xfebfffff] available for PCI devices
[    0.000000] Booting paravirtualized kernel on KVM
[    0.000000] clocksource: refined-jiffies: mask: 0xffffffff max_cycles: 0xffffffff, max_idle_ns: 7645519600211568 ns
[    0.000000] setup_percpu: NR_CPUS:512 nr_cpumask_bits:512 nr_cpu_ids:1 nr_node_ids:1
[    0.000000] PERCPU: Embedded 33 pages/cpu @ffff88011fc00000 s95192 r8192 d31784 u2097152
[    0.000000] Built 1 zonelists in Node order, mobility grouping on.  Total pages: 1032056
[    0.000000] Policy zone: Normal
[    0.000000] Kernel command line: BOOT_IMAGE=/boot/vmlinuz-4.4.0-210-generic root=LABEL=cloudimg-rootfs ro console=tty1 console=ttyS0
[    0.000000] PID hash table entries: 4096 (order: 3, 32768 bytes)
[    0.000000] Memory: 4028436K/4193848K available (8644K kernel code, 1332K rwdata, 4044K rodata, 1492K init, 1164K bss, 165412K reserved, 0K cma-reserved)
[    0.000000] SLUB: HWalign=64, Order=0-3, MinObjects=0, CPUs=1, Nodes=1
[    0.000000] Kernel/User page tables isolation: enabled
[    0.000000] Hierarchical RCU implementation.
[    0.000000] 	Build-time adjustment of leaf fanout to 64.
[    0.000000] 	RCU restricting CPUs from NR_CPUS=512 to nr_cpu_ids=1.
[    0.000000] RCU: Adjusting geometry for rcu_fanout_leaf=64, nr_cpu_ids=1
[    0.000000] NR_IRQS:33024 nr_irqs:256 16
[    0.000000] Console: colour VGA+ 80x25
[    0.000000] console [tty1] enabled
[    0.000000] console [ttyS0] enabled
[    0.000000] tsc: Detected 2419.200 MHz processor
[    0.143932] Calibrating delay loop (skipped) preset value.. 4838.40 BogoMIPS (lpj=9676800)
[    0.144969] pid_max: default: 32768 minimum: 301
[    0.145517] ACPI: Core revision 20150930
[    0.146797] ACPI: 2 ACPI AML tables successfully acquired and loaded
[    0.147762] Security Framework initialized
[    0.148287] Yama: becoming mindful.
[    0.148773] AppArmor: AppArmor initialized
[    0.151356] Dentry cache hash table entries: 524288 (order: 10, 4194304 bytes)
[    0.155949] Inode-cache hash table entries: 262144 (order: 9, 2097152 bytes)
[    0.157055] Mount-cache hash table entries: 8192 (order: 4, 65536 bytes)
[    0.157870] Mountpoint-cache hash table entries: 8192 (order: 4, 65536 bytes)
[    0.160387] Initializing cgroup subsys io
[    0.161070] Initializing cgroup subsys memory
[    0.161619] Initializing cgroup subsys devices
[    0.162188] Initializing cgroup subsys freezer
[    0.162724] Initializing cgroup subsys net_cls
[    0.163241] Initializing cgroup subsys perf_event
[    0.163855] Initializing cgroup subsys net_prio
[    0.164379] Initializing cgroup subsys hugetlb
[    0.164926] Initializing cgroup subsys pids
[    0.190288] mce: CPU supports 0 MCE banks
[    0.190918] process: using mwait in idle threads
[    0.191507] Last level iTLB entries: 4KB 0, 2MB 0, 4MB 0
[    0.192180] Last level dTLB entries: 4KB 0, 2MB 0, 4MB 0, 1GB 0
[    0.192883] Spectre V1 : Mitigation: usercopy/swapgs barriers and __user pointer sanitization
[    0.193969] Spectre V2 : Mitigation: Full generic retpoline
[    0.194669] Spectre V2 : Spectre v2 / SpectreRSB mitigation: Filling RSB on context switch
[    0.195747] Speculative Store Bypass: Vulnerable
[    0.196456] MDS: Mitigation: Clear CPU buffers
[    0.213053] Freeing SMP alternatives memory: 36K
[    0.219837] ftrace: allocating 32380 entries in 127 pages
[    0.261859] smpboot: APIC(0) Converting physical 0 to logical package 0
[    0.263035] smpboot: Max logical packages: 1
[    0.264154] x2apic enabled
[    0.264911] Switched APIC routing to physical x2apic.
[    0.266479] ..TIMER: vector=0x30 apic1=0 pin1=2 apic2=-1 pin2=-1
[    0.375370] smpboot: CPU0: 11th Gen Intel(R) Core(TM) i5-1135G7 @ 2.40GHz (family: 0x6, model: 0x8c, stepping: 0x1)
[    0.377112] Performance Events: unsupported p6 CPU model 140 no PMU driver, software events only.
[    0.385396] KVM setup paravirtual spinlock
[    0.386804] x86: Booted up 1 node, 1 CPUs
[    0.387395] smpboot: Total of 1 processors activated (4838.40 BogoMIPS)
[    0.388364] devtmpfs: initialized
[    0.389935] evm: security.selinux
[    0.390432] evm: security.SMACK64
[    0.390907] evm: security.SMACK64EXEC
[    0.391428] evm: security.SMACK64TRANSMUTE
[    0.391998] evm: security.SMACK64MMAP
[    0.392535] evm: security.ima
[    0.393104] evm: security.capability
[    0.393736] clocksource: jiffies: mask: 0xffffffff max_cycles: 0xffffffff, max_idle_ns: 7645041785100000 ns
[    0.395014] futex hash table entries: 256 (order: 2, 16384 bytes)
[    0.395854] pinctrl core: initialized pinctrl subsystem
[    0.396648] RTC time: 12:02:45, date: 11/14/24
[    0.397627] NET: Registered protocol family 16
[    0.398331] cpuidle: using governor ladder
[    0.398981] cpuidle: using governor menu
[    0.399599] PCCT header not found.
[    0.400290] ACPI: bus type PCI registered
[    0.400876] acpiphp: ACPI Hot Plug PCI Controller Driver version: 0.5
[    0.401757] PCI: Using configuration type 1 for base access
[    0.403493] ACPI: Added _OSI(Module Device)
[    0.404160] ACPI: Added _OSI(Processor Device)
[    0.404784] ACPI: Added _OSI(3.0 _SCP Extensions)
[    0.405410] ACPI: Added _OSI(Processor Aggregator Device)
[    0.406524] ACPI: Executed 1 blocks of module-level executable AML code
[    0.408738] ACPI: Interpreter enabled
[    0.409290] ACPI: (supports S0 S5)
[    0.409785] ACPI: Using IOAPIC for interrupt routing
[    0.410543] PCI: Using host bridge windows from ACPI; if necessary, use "pci=nocrs" and report a bug
[    0.413836] ACPI: PCI Root Bridge [PCI0] (domain 0000 [bus 00-ff])
[    0.414592] acpi PNP0A03:00: _OSC: OS supports [ASPM ClockPM Segments MSI]
[    0.415742] acpi PNP0A03:00: _OSC: not requesting OS control; OS requires [ExtendedConfig ASPM ClockPM MSI]
[    0.416957] acpi PNP0A03:00: fail to add MMCONFIG information, can't access extended PCI configuration space under this bridge.
[    0.418299] PCI host bridge to bus 0000:00
[    0.418787] pci_bus 0000:00: root bus resource [io  0x0000-0x0cf7 window]
[    0.425734] pci_bus 0000:00: root bus resource [io  0x0d00-0xffff window]
[    0.426435] pci_bus 0000:00: root bus resource [mem 0x000a0000-0x000bffff window]
[    0.427330] pci_bus 0000:00: root bus resource [mem 0xe0000000-0xfdffffff window]
[    0.428200] pci_bus 0000:00: root bus resource [bus 00-ff]
[    0.429806] pci 0000:00:01.1: legacy IDE quirk: reg 0x10: [io  0x01f0-0x01f7]
[    0.430576] pci 0000:00:01.1: legacy IDE quirk: reg 0x14: [io  0x03f6]
[    0.431246] pci 0000:00:01.1: legacy IDE quirk: reg 0x18: [io  0x0170-0x0177]
[    0.431972] pci 0000:00:01.1: legacy IDE quirk: reg 0x1c: [io  0x0376]
[    0.463317] pci 0000:00:07.0: quirk: [io  0x4000-0x403f] claimed by PIIX4 ACPI
[    0.464332] pci 0000:00:07.0: quirk: [io  0x4100-0x410f] claimed by PIIX4 SMB
[    0.495715] ACPI: PCI Interrupt Link [LNKA] (IRQs 5 9 10 *11)
[    0.496824] ACPI: PCI Interrupt Link [LNKB] (IRQs 5 9 *10 11)
[    0.497839] ACPI: PCI Interrupt Link [LNKC] (IRQs 5 *9 10 11)
[    0.498814] ACPI: PCI Interrupt Link [LNKD] (IRQs 5 9 10 *11)
[    0.499802] ACPI: Enabled 2 GPEs in block 00 to 07
[    0.500643] vgaarb: setting as boot device: PCI:0000:00:02.0
[    0.501370] vgaarb: device added: PCI:0000:00:02.0,decodes=io+mem,owns=io+mem,locks=none
[    0.502607] vgaarb: loaded
[    0.503140] vgaarb: bridge control possible 0000:00:02.0
[    0.504182] SCSI subsystem initialized
[    0.504932] ACPI: bus type USB registered
[    0.505639] usbcore: registered new interface driver usbfs
[    0.506518] usbcore: registered new interface driver hub
[    0.507280] usbcore: registered new device driver usb
[    0.507949] PCI: Using ACPI for IRQ routing
[    0.508639] NetLabel: Initializing
[    0.509069] NetLabel:  domain hash size = 128
[    0.509580] NetLabel:  protocols = UNLABELED CIPSOv4
[    0.510134] NetLabel:  unlabeled traffic allowed by default
[    0.510776] amd_nb: Cannot enumerate AMD northbridges
[    0.512250] clocksource: Switched to clocksource kvm-clock
[    0.518526] AppArmor: AppArmor Filesystem Enabled
[    0.519125] pnp: PnP ACPI init
[    0.520017] pnp: PnP ACPI: found 3 devices
[    0.525830] clocksource: acpi_pm: mask: 0xffffff max_cycles: 0xffffff, max_idle_ns: 2085701024 ns
[    0.527217] NET: Registered protocol family 2
[    0.527960] TCP established hash table entries: 32768 (order: 6, 262144 bytes)
[    0.529047] TCP bind hash table entries: 32768 (order: 7, 524288 bytes)
[    0.531752] TCP: Hash tables configured (established 32768 bind 32768)
[    0.532637] UDP hash table entries: 2048 (order: 4, 65536 bytes)
[    0.533402] UDP-Lite hash table entries: 2048 (order: 4, 65536 bytes)
[    0.534253] NET: Registered protocol family 1
[    0.534851] pci 0000:00:00.0: Limiting direct PCI/PCI transfers
[    0.535613] pci 0000:00:01.0: Activating ISA DMA hang workarounds
[    0.536480] Unpacking initramfs...
[    0.730125] Freeing initrd memory: 14888K
[    0.730932] PCI-DMA: Using software bounce buffering for IO (SWIOTLB)
[    0.731731] software IO TLB: mapped [mem 0xdbff0000-0xdfff0000] (64MB)
[    0.732540] clocksource: tsc: mask: 0xffffffffffffffff max_cycles: 0x22df1149949, max_idle_ns: 440795312789 ns
[    0.733890] platform rtc_cmos: registered platform RTC device (no PNP device found)
[    0.735010] Scanning for low memory corruption every 60 seconds
[    0.735946] audit: initializing netlink subsys (disabled)
[    0.736672] audit: type=2000 audit(1731585769.472:1): initialized
[    0.737672] Initialise system trusted keyring
[    0.738390] HugeTLB registered 2 MB page size, pre-allocated 0 pages
[    0.739907] zbud: loaded
[    0.740593] VFS: Disk quotas dquot_6.6.0
[    0.741176] VFS: Dquot-cache hash table entries: 512 (order 0, 4096 bytes)
[    0.742123] squashfs: version 4.0 (2009/01/31) Phillip Lougher
[    0.742961] fuse init (API version 7.23)
[    0.743563] Key type big_key registered
[    0.744089] Allocating IMA MOK and blacklist keyrings.
[    0.744903] Key type asymmetric registered
[    0.745522] Asymmetric key parser 'x509' registered
[    0.746172] Block layer SCSI generic (bsg) driver version 0.4 loaded (major 249)
[    0.747318] io scheduler noop registered
[    0.747969] io scheduler deadline registered (default)
[    0.748600] io scheduler cfq registered
[    0.749125] pci_hotplug: PCI Hot Plug PCI Core version: 0.5
[    0.749737] pciehp: PCI Express Hot Plug Controller Driver version: 0.4
[    0.750526] ACPI: AC Adapter [AC] (on-line)
[    0.751061] input: Power Button as /devices/LNXSYSTM:00/LNXPWRBN:00/input/input0
[    0.751950] ACPI: Power Button [PWRF]
[    0.752478] input: Sleep Button as /devices/LNXSYSTM:00/LNXSLPBN:00/input/input1
[    0.753345] ACPI: Sleep Button [SLPF]
[    0.754269] ACPI: Battery Slot [BAT0] (battery present)
[    0.754894] GHES: HEST is not enabled!
[    0.755425] Serial: 8250/16550 driver, 32 ports, IRQ sharing enabled
[    0.776440] 00:02: ttyS0 at I/O 0x3f8 (irq = 4, base_baud = 115200) is a 16550A
[    0.778618] Linux agpgart interface v0.103
[    0.779758] loop: module loaded
[    0.780522] scsi host0: ata_piix
[    0.781096] scsi host1: ata_piix
[    0.781552] ata1: PATA max UDMA/33 cmd 0x1f0 ctl 0x3f6 bmdma 0xd000 irq 14
[    0.782215] ata2: PATA max UDMA/33 cmd 0x170 ctl 0x376 bmdma 0xd008 irq 15
[    0.783047] libphy: Fixed MDIO Bus: probed
[    0.783564] tun: Universal TUN/TAP device driver, 1.6
[    0.784182] tun: (C) 1999-2004 Max Krasnyansky <maxk@qualcomm.com>
[    0.785079] PPP generic driver version 2.4.2
[    0.785625] ehci_hcd: USB 2.0 'Enhanced' Host Controller (EHCI) Driver
[    0.786272] ehci-pci: EHCI PCI platform driver
[    0.786808] ehci-platform: EHCI generic platform driver
[    0.787407] ohci_hcd: USB 1.1 'Open' Host Controller (OHCI) Driver
[    0.788078] ohci-pci: OHCI PCI platform driver
[    0.788724] ohci-platform: OHCI generic platform driver
[    0.789310] uhci_hcd: USB Universal Host Controller Interface driver
[    0.790011] i8042: PNP: PS/2 Controller [PNP0303:PS2K,PNP0f03:PS2M] at 0x60,0x64 irq 1,12
[    0.791264] serio: i8042 KBD port at 0x60,0x64 irq 1
[    0.791820] serio: i8042 AUX port at 0x60,0x64 irq 12
[    0.792427] mousedev: PS/2 mouse device common for all mice
[    0.793206] input: AT Translated Set 2 keyboard as /devices/platform/i8042/serio0/input/input2
[    0.794418] rtc_cmos rtc_cmos: rtc core: registered rtc_cmos as rtc0
[    0.795136] rtc_cmos rtc_cmos: alarms up to one day, 114 bytes nvram
[    0.795780] i2c /dev entries driver
[    0.796367] device-mapper: uevent: version 1.0.3
[    0.797065] device-mapper: ioctl: 4.34.0-ioctl (2015-10-28) initialised: dm-devel@redhat.com
[    0.798239] ledtrig-cpu: registered to indicate activity on CPUs
[    0.799176] NET: Registered protocol family 10
[    0.799959] NET: Registered protocol family 17
[    0.800626] Key type dns_resolver registered
[    0.801276] registered taskstats version 1
[    0.801781] Loading compiled-in X.509 certificates
[    0.802764] Loaded X.509 cert 'Build time autogenerated kernel key: cf00e047681d67edb2720680708b7d9498083038'
[    0.804049] zswap: loaded using pool lzo/zbud
[    0.805726] Key type trusted registered
[    0.807777] Key type encrypted registered
[    0.808348] AppArmor: AppArmor sha1 policy hashing enabled
[    0.808964] ima: No TPM chip found, activating TPM-bypass!
[    0.809612] ima: Allocated hash algorithm: sha1
[    0.810131] evm: HMAC attrs: 0x1
[    0.810699]   Magic number: 0:317:26
[    0.811193] rtc_cmos rtc_cmos: setting system clock to 2024-11-14 12:02:45 UTC (1731585765)
[    0.812173] BIOS EDD facility v0.16 2004-Jun-25, 0 devices found
[    0.812819] EDD information not available.
[    0.961831] Freeing unused kernel memory: 1492K
[    0.962711] Write protecting the kernel read-only data: 14336k
[    0.963768] Freeing unused kernel memory: 1584K
[    0.964420] Freeing unused kernel memory: 52K
Loading, please wait...
starting version 229
[    0.972296] random: udevadm: uninitialized urandom read (16 bytes read, 3 bits of entropy available)
[    0.973735] random: systemd-udevd: uninitialized urandom read (16 bytes read, 3 bits of entropy available)
[    0.974887] random: systemd-udevd: uninitialized urandom read (16 bytes read, 3 bits of entropy available)
[    0.976065] random: systemd-udevd: uninitialized urandom read (16 bytes read, 3 bits of entropy available)
[    0.977224] random: systemd-udevd: uninitialized urandom read (16 bytes read, 3 bits of entropy available)
[    0.978914] random: udevadm: uninitialized urandom read (16 bytes read, 3 bits of entropy available)
[    0.983530] random: systemd-udevd: uninitialized urandom read (16 bytes read, 3 bits of entropy available)
[    0.984621] random: systemd-udevd: uninitialized urandom read (16 bytes read, 3 bits of entropy available)
[    0.985759] random: systemd-udevd: uninitialized urandom read (16 bytes read, 3 bits of entropy available)
[    0.988790] random: systemd-udevd: uninitialized urandom read (16 bytes read, 3 bits of entropy available)
[    1.051297] e1000: Intel(R) PRO/1000 Network Driver - version 7.3.21-k8-NAPI
[    1.052259] e1000: Copyright (c) 1999-2006 Intel Corporation.
[    1.057628] Fusion MPT base driver 3.04.20
[    1.058206] Copyright (c) 1999-2008 LSI Corporation
[    1.062170] Fusion MPT SPI Host driver 3.04.20
[    1.082945] AVX2 version of gcm_enc/dec engaged.
[    1.083581] AES CTR mode by8 optimization enabled
[    1.270484] input: ImExPS/2 Generic Explorer Mouse as /devices/platform/i8042/serio1/input/input4
[    1.416682] e1000 0000:00:03.0 eth0: (PCI:33MHz:32-bit) 02:be:82:6b:cc:1d
[    1.417713] e1000 0000:00:03.0 eth0: Intel(R) PRO/1000 Network Connection
[    1.419035] mptbase: ioc0: Initiating bringup
[    1.488803] ioc0: LSI53C1030 A0: Capabilities={Initiator}
[    1.650735] scsi host2: ioc0: LSI53C1030 A0, FwRev=00000000h, Ports=1, MaxQ=256, IRQ=20
[    1.774870] scsi 2:0:0:0: Direct-Access     VBOX     HARDDISK         1.0  PQ: 0 ANSI: 5
[    1.778303] scsi target2:0:0: Beginning Domain Validation
[    1.779539] scsi target2:0:0: Domain Validation skipping write tests
[    1.780402] scsi target2:0:0: Ending Domain Validation
[    1.781195] scsi target2:0:0: asynchronous
[    1.781982] scsi 2:0:1:0: Direct-Access     VBOX     HARDDISK         1.0  PQ: 0 ANSI: 5
[    1.783117] scsi target2:0:1: Beginning Domain Validation
[    1.784233] scsi target2:0:1: Domain Validation skipping write tests
[    1.785092] scsi target2:0:1: Ending Domain Validation
[    1.785872] scsi target2:0:1: asynchronous
[    1.788228] sd 2:0:0:0: Attached scsi generic sg0 type 0
[    1.789183] sd 2:0:0:0: [sda] 83886080 512-byte logical blocks: (42.9 GB/40.0 GiB)
[    1.790367] sd 2:0:1:0: [sdb] 20480 512-byte logical blocks: (10.5 MB/10.0 MiB)
[    1.791946] sd 2:0:1:0: Attached scsi generic sg1 type 0
[    1.792993] sd 2:0:0:0: [sda] Write Protect is off
[    1.793749] sd 2:0:1:0: [sdb] Write Protect is off
[    1.794477] sd 2:0:0:0: [sda] Incomplete mode parameter data
[    1.795280] sd 2:0:0:0: [sda] Assuming drive cache: write through
[    1.796193] sd 2:0:1:0: [sdb] Incomplete mode parameter data
[    1.797035] sd 2:0:1:0: [sdb] Assuming drive cache: write through
[    1.798871]  sda: sda1
[    1.800181] sd 2:0:1:0: [sdb] Attached SCSI disk
[    1.804543] sd 2:0:0:0: [sda] Attached SCSI disk
[    2.104759] e1000 0000:00:08.0 eth1: (PCI:33MHz:32-bit) 08:00:27:80:3c:74
[    2.105879] e1000 0000:00:08.0 eth1: Intel(R) PRO/1000 Network Connection
[    2.107502] e1000 0000:00:08.0 enp0s8: renamed from eth1
[    2.109299] e1000 0000:00:03.0 enp0s3: renamed from eth0
Begin: Loading essential drivers ... [    3.314135] md: linear personality registered for level -1
[    3.316985] md: multipath personality registered for level -4
[    3.319684] md: raid0 personality registered for level 0
[    3.322755] md: raid1 personality registered for level 1
[    3.411105] raid6: sse2x1   gen() 15854 MB/s
[    3.490306] raid6: sse2x1   xor() 10790 MB/s
[    3.569451] raid6: sse2x2   gen() 21770 MB/s
[    3.648268] raid6: sse2x2   xor() 14023 MB/s
[    3.729137] raid6: sse2x4   gen() 19541 MB/s
[    3.808320] raid6: sse2x4   xor() 13969 MB/s
[    3.888454] raid6: avx2x1   gen() 28238 MB/s
[    3.983275] raid6: avx2x2   gen() 47936 MB/s
[    4.062470] raid6: avx2x4   gen() 38041 MB/s
[    4.063246] raid6: using algorithm avx2x2 gen() 47936 MB/s
[    4.064011] raid6: using avx2x2 recovery algorithm
[    4.066141] xor: automatically using best checksumming function:
[    4.196287]    avx       : 115508.000 MB/sec
[    4.198776] async_tx: api initialized (async)
[    4.208209] md: raid6 personality registered for level 6
[    4.209082] md: raid5 personality registered for level 5
[    4.209843] md: raid4 personality registered for level 4
[    4.214338] md: raid10 personality registered for level 10
done.
Begin: Running /scripts/init-premount ... done.
Begin: Mounting root file system ... Begin: Running /scripts/local-top ... done.
Begin: Running /scripts/local-premount ... [    4.237420] Btrfs loaded
Scanning for Btrfs filesystems
done.
Warning: fsck not present, so skipping root file system
[    4.262377] EXT4-fs (sda1): mounted filesystem with ordered data mode. Opts: (null)
done.
Begin: Running /scripts/local-bottom ... done.
Begin: Running /scripts/init-bottom ... done.
[    4.309775] systemd[1]: systemd 229 running in system mode. (+PAM +AUDIT +SELINUX +IMA +APPARMOR +SMACK +SYSVINIT +UTMP +LIBCRYPTSETUP +GCRYPT +GNUTLS +ACL +XZ -LZ4 +SECCOMP +BLKID +ELFUTILS +KMOD -IDN)
[    4.312089] systemd[1]: Detected virtualization oracle.
[    4.312877] systemd[1]: Detected architecture x86-64.

Welcome to [1mUbuntu 16.04.7 LTS[0m!

[    4.314893] systemd[1]: Set hostname to <ubuntu>.
[    4.316578] systemd[1]: Initializing machine ID from random generator.
[    4.317434] systemd[1]: Installed transient /etc/machine-id file.
[    4.386277] systemd[1]: Started Forward Password Requests to Wall Directory Watch.
[[0;32m  OK  [0m] Started Forward Password Requests to Wall Directory Watch.
[    4.388068] systemd[1]: Created slice System Slice.
[[0;32m  OK  [0m] Created slice System Slice.
[    4.389279] systemd[1]: Created slice system-serial\x2dgetty.slice.
[[0;32m  OK  [0m] Created slice system-serial\x2dgetty.slice.
[    4.390412] systemd[1]: Reached target Encrypted Volumes.
[[0;32m  OK  [0m] Reached target Encrypted Volumes.
[    4.391491] systemd[1]: Listening on Journal Audit Socket.
[[0;32m  OK  [0m] Listening on Journal Audit Socket.
[    4.392609] systemd[1]: Listening on /dev/initctl Compatibility Named Pipe.
[[0;32m  OK  [0m] Listening on /dev/initctl Compatibility Named Pipe.
[    4.393834] systemd[1]: Listening on Device-mapper event daemon FIFOs.
[[0;32m  OK  [0m] Listening on Device-mapper event daemon FIFOs.
[    4.394941] systemd[1]: Listening on Syslog Socket.
[[0;32m  OK  [0m] Listening on Syslog Socket.
[    4.395887] systemd[1]: Reached target System Time Synchronized.
[[0;32m  OK  [0m] Reached target System Time Synchronized.
[    4.397077] systemd[1]: Set up automount Arbitrary Executable File Formats File System Automount Point.
[[0;32m  OK  [0m] Set up automount Arbitrary Executab...ats File System Automount Point.
[    4.398772] systemd[1]: Listening on udev Control Socket.
[[0;32m  OK  [0m] Listening on udev Control Socket.
[    4.399807] systemd[1]: Reached target Swap.
[[0;32m  OK  [0m] Reached target Swap.
[    4.400717] systemd[1]: Listening on Journal Socket.
[[0;32m  OK  [0m] Listening on Journal Socket.
[    4.402051] systemd[1]: Starting Set console keymap...
         Starting Set console keymap...
[    4.403381] systemd[1]: Mounting POSIX Message Queue File System...
         Mounting POSIX Message Queue File System...
[    4.404491] systemd[1]: Listening on LVM2 metadata daemon socket.
[[0;32m  OK  [0m] Listening on LVM2 metadata daemon socket.
[    4.407930] systemd[1]: Starting Monitoring of LVM2 mirrors, snapshots etc. using dmeventd or progress polling...
         Starting Monitoring of LVM2 mirrors... dmeventd or progress polling...
[    4.414786] systemd[1]: Reached target User and Group Name Lookups.
[[0;32m  OK  [0m] Reached target User and Group Name Lookups.
[    4.417727] systemd[1]: Created slice User and Session Slice.
[[0;32m  OK  [0m] Created slice User and Session Slice.
[    4.419103] systemd[1]: Listening on udev Kernel Socket.
[[0;32m  OK  [0m] Listening on udev Kernel Socket.
[    4.428397] systemd[1]: Listening on Journal Socket (/dev/log).
[[0;32m  OK  [0m] Listening on Journal Socket (/dev/log).
[    4.429866] systemd[1]: Starting Journal Service...
         Starting Journal Service...
[    4.431157] systemd[1]: Listening on LVM2 poll daemon socket.
[[0;32m  OK  [0m] Listening on LVM2 poll daemon socket.
[    4.432736] systemd[1]: Starting Create list of required static device nodes for the current kernel...
         Starting Create list of required st... nodes for the current kernel...
[    4.436990] systemd[1]: Starting Nameserver information manager...
         Starting Nameserver information manager...
[    4.441632] systemd[1]: Mounting Debug File System...
         Mounting Debug File System...
[    4.444980] systemd[1]: Starting Load Kernel Modules...
         Starting Load Kernel Modules...
[    4.449053] systemd[1]: Starting Uncomplicated firewall...
         Starting Uncomplicated firewall...
[    4.451708] systemd[1]: Listening on fsck to fsckd communication Socket.
[[0;32m  OK  [0m] Listening on fsck to fsckd communication Socket.
[    4.454859] systemd[1]: Starting File System Check on Root Device...
         Starting File System Check on Root Device...
[    4.458620] Loading iSCSI transport class v2.0-870.
[    4.460428] systemd[1]: Mounting Huge Pages File System...
         Mounting Huge Pages File System...
[    4.461472] systemd[1]: Started Trigger resolvconf update for networkd DNS.
[[0;32m  OK  [0m] Started Trigger resolvconf update for networkd DNS.
[    4.464074] systemd[1]: Reached target Slices.
[[0;32m  OK  [0m] Reached target Slices.
[    4.468234] systemd[1]: Mounted Huge Pages File System.
[[0;32m  OK  [0m] Mounted Huge Pages File System.
[    4.469349] systemd[1]: Mounted POSIX Message Queue File System.
[[0;32m  OK  [0m] Mounted POSIX Message Queue File System.
[    4.470451] systemd[1]: Mounted Debug File System.
[[0;32m  OK  [0m] Mounted Debug File System.
[    4.471693] systemd[1]: Started Create list of required static device nodes for the current kernel.
[[0;32m  OK  [0m] Started Create list of required sta...ce nodes for the current kernel.
[    4.480730] systemd[1]: Started Uncomplicated firewall.
[[0;32m  OK  [0m] Started Uncomplicated firewall.
[    4.482612] systemd[1]: Started Journal Service.
[[0;32m  OK  [0m] Started Journal Service.
[[0;32m  OK  [0m] Started LVM2 metadata daemon.
[[0;32m  OK  [0m] Started File System Check Daemon to report status.
         Starting Create Static Device Nodes in /dev...
[[0;32m  OK  [0m] Started Nameserver information manager.
[[0;32m  OK  [0m] Started File System Check on Root Device.
         Starting Remount Root and Kernel File Systems...
[    4.505285] EXT4-fs (sda1): re-mounted. Opts: (null)
[[0;32m  OK  [0m] Started Remount Root and Kernel File Systems.
         Starting udev Coldplug all Devices...
         Starting Flush Journal to Persistent Storage...
         Starting Load/Save Random Seed...
[[0;32m  OK  [0m] Started Load/Save Random Seed.
[[0;32m  OK  [0m] Started Create Static Device Nodes in /dev.
         Starting udev Kernel Device Manager...
[[0;32m  OK  [0m] Started Set console keymap.
[    4.536601] iscsi: registered transport (tcp)
[    4.541136] systemd-journald[378]: Received request to flush runtime journal from PID 1
[[0;32m  OK  [0m] Started udev Kernel Device Manager.
[[0;32m  OK  [0m] Started Flush Journal to Persistent Storage.
[[0;32m  OK  [0m] Started udev Coldplug all Devices.
[[0;32m  OK  [0m] Started Dispatch Password Requests to Console Directory Watch.
[    4.601253] iscsi: registered transport (iser)
[[0;32m  OK  [0m] Started Load Kernel Modules.
         Mounting FUSE Control File System...
         Starting Apply Kernel Variables...
[[0;32m  OK  [0m] Mounted FUSE Control File System.
[[0;32m  OK  [0m] Started Apply Kernel Variables.
[[0;32m  OK  [0m] Found device /dev/ttyS0.
[[0;32m  OK  [0m] Listening on Load/Save RF Kill Switch Status /dev/rfkill Watch.
[[0;32m  OK  [0m] Started Monitoring of LVM2 mirrors,...ng dmeventd or progress polling.
[[0;32m  OK  [0m] Reached target Local File Systems (Pre).
[[0;32m  OK  [0m] Reached target Local File Systems.
         Starting Tell Plymouth To Write Out Runtime Data...
         Starting Create Volatile Files and Directories...
         Starting Set console font and keymap...
         Starting LSB: AppArmor initialization...
         Starting Commit a transient machine-id on disk...
         Starting Initial cloud-init job (pre-networking)...
[[0;32m  OK  [0m] Started Commit a transient machine-id on disk.
[[0;32m  OK  [0m] Started Create Volatile Files and Directories.
         Starting Update UTMP about System Boot/Shutdown...
[[0;32m  OK  [0m] Started Tell Plymouth To Write Out Runtime Data.
[[0;32m  OK  [0m] Started Update UTMP about System Boot/Shutdown.
[[0;32m  OK  [0m] Started Set console font and keymap.
[[0;32m  OK  [0m] Created slice system-getty.slice.
[[0;32m  OK  [0m] Started LSB: AppArmor initialization.
         Starting Load AppArmor profiles managed internally by snapd...
[[0;32m  OK  [0m] Started Load AppArmor profiles managed internally by snapd.
[    6.009148] cloud-init[622]: Cloud-init v. 21.1-19-gbad84ad4-0ubuntu1~16.04.2 running 'init-local' at Thu, 14 Nov 2024 12:02:50 +0000. Up 5.75 seconds.
[[0;32m  OK  [0m] Started Initial cloud-init job (pre-networking).
[[0;32m  OK  [0m] Reached target Network (Pre).
         Starting Raise network interfaces...
[[0;32m  OK  [0m] Started Raise network interfaces.
[[0;32m  OK  [0m] Reached target Network.
         Starting Initial cloud-init job (metadata service crawler)...
[    6.648492] cloud-init[967]: Cloud-init v. 21.1-19-gbad84ad4-0ubuntu1~16.04.2 running 'init' at Thu, 14 Nov 2024 12:02:51 +0000. Up 6.30 seconds.
[    6.649592] cloud-init[967]: ci-info: ++++++++++++++++++++++++++++++++++++++Net device info+++++++++++++++++++++++++++++++++++++++
[    6.650692] cloud-init[967]: ci-info: +--------+-------+----------------------------+---------------+--------+-------------------+
[    6.651770] cloud-init[967]: ci-info: | Device |   Up  |          Address           |      Mask     | Scope  |     Hw-Address    |
[    6.668701] cloud-init[967]: ci-info: +--------+-------+----------------------------+---------------+--------+-------------------+
[    6.669838] cloud-init[967]: ci-info: | enp0s3 |  True |         10.0.2.15          | 255.255.255.0 | global | 02:be:82:6b:cc:1d |
[    6.670967] cloud-init[967]: ci-info: | enp0s3 |  True | fe80::be:82ff:fe6b:cc1d/64 |       .       |  link  | 02:be:82:6b:cc:1d |
[    6.679539] cloud-init[967]: ci-info: | enp0s8 | False |             .              |       .       |   .    | 08:00:27:80:3c:74 |
[    6.680598] cloud-init[967]: ci-info: |   lo   |  True |         127.0.0.1          |   255.0.0.0   |  host  |         .         |
[    6.681790] cloud-init[967]: ci-info: |   lo   |  True |          ::1/128           |       .       |  host  |         .         |
[    6.682700] cloud-init[967]: ci-info: +--------+-------+----------------------------+---------------+--------+-------------------+
[    6.683613] cloud-init[967]: ci-info: +++++++++++++++++++++++++++Route IPv4 info++++++++++++++++++++++++++++[[0;32m  OK  [0m] Started Initial cloud-init job (metadata service crawler).
[[0;32m  OK  [0m] Reached target System Initialization.
[[0;32m  OK  [0m] Listening on UUID daemon activation socket.
[[0;32m  OK  [0m] Started Daily apt download activities.
[[0;32m  OK  [0m] Started Daily Cleanup of Temporary Directories.

[    6.686881] cloud-init[967]: ci-info: +-------+-------------+----------+---------------+-----------+-------+
[    6.687547] [[0;32m  OK  [0m] Started ACPI Events Check.
[[0;32m  OK  [0m] Reached target Paths.
[[0;32m  OK  [0m] Started Message of the Day.
         Starting Socket activation for snappy daemon.
[[0;32m  OK  [0m] Started Ubuntu Advantage update messaging.
[[0;32m  OK  [0m] Listening on D-Bus System Message Bus Socket.
[[0;32m  OK  [0m] Started Daily apt upgrade and clean activities.
[[0;32m  OK  [0m] Reached target Timers.
cloud-init[967]: ci-info: | Route | Destination | Gateway  |    Genmask    | Interface | Flags |
[    6.691561] cloud-init[967]: ci-info: +-------+-------------+----------+---------------+-----------+-------+
[    6.700261] cloud-init[967]: ci-info: |   0   |   0.0.0.0   | 10.0.2.2 |    0.0.0.0    |   enp0s3  |   UG  |
[    6.700868] cloud-init[967]: ci-info: |   1   |   10.0.2.0  | 0.0.0.0  | 255.255.255.0 |   enp0s3  |   U   |
[    6.701463] cloud-init[967]: ci-info: +-------+-------------+----------+---------------+-----------+-------+
         Starting LXD - unix socket.
[[0;32m  OK  [0m] Listening on ACPID Listen Socket.
[    6.702763] cloud-init[967]: ci-info: +++++++++++++++++++Route IPv6 info+++++++++++++++++++
[[0;32m  OK  [0m] Reached target Network is Online.
[    6.703774] cloud-init[967]: ci-info: +-------+-------------+---------+-----------+-------+         Starting iSCSI initiator daemon (iscsid)...
[[0;32m  OK  [0m] Reached target Cloud-config availability.
[[0;32m  OK  [0m] Listening on Socket activation for snappy daemon.
[[0;32m  OK  [0m] Listening on LXD - unix socket.
[[0;32m  OK  [0m] Reached target Sockets.
[[0;32m  OK  [0m] Reached target Basic System.

[    6.706720] cloud-init[967]: ci-info: | Route | Destination | Gateway | Interface | Flags |
[    6.707299] cloud-init[967]: ci-info: +-------+-------------+---------+-----------+-------+
[    6.707782] cloud-init[967]: ci-info: |   0   |  fe80::/64  |    ::   |   enp0s3  |   U   |
[    6.708313] cloud-init[967]: ci-info: |   3   |   ff00::/8  |    ::   |   enp0s3  |   U   |
         Starting Pollinate to seed the pseudo random number generator...
[    6.709897] cloud-init[967]: ci-info: +-------+-------------+---------+-----------+-------+
[    6.711642] cloud-init[967]: Generating public/private rsa key pair.
[    6.712329] cloud-init[967]: Your identification has been saved in /etc/ssh/ssh_host_rsa_key.
[[0;32m  OK  [0m] Started D-Bus System Message Bus.
[    6.719123] cloud-init[967]: Your public key has been saved in /etc/ssh/ssh_host_rsa_key.pub.
[    6.722684] cloud-init[967]: The key fingerprint is:
[    6.725994] cloud-init[967]: SHA256:VhVYkKrbDYiprUoYiAfjbmNAcjJhgn+fDvVGSz7MQek root@ubuntu-xenial
[    6.727472] cloud-init[967]: The key's randomart image is:
[    6.731792] cloud-init         Starting /etc/rc.local Compatibility...
[[0;32m  OK  [0m] Started Regular background program processing daemon.
[[0;32m  OK  [0m] Started Deferred execution scheduler.
[967]: +---[RSA 2048]----+
[[0;32m  OK  [0m] Started ACPI event daemon.
[    6.739084] cloud-init         Starting Virtualbox guest utils...
         Starting Accounts Service...
         Starting Login Service...
         Starting LXD - container startup/shutdown...
[[0;32m  OK  [0m] Started FUSE filesystem for LXC.
[967]: |+.       ..=+.   |
[    6.747337] cloud-init[967]: |+.      o o.     |
[    6.748597] cloud-init[967]: |*o.    o ..      |
         Starting Snap Daemon...
         Starting LSB: MD monitoring daemon...
         Starting System Logging Service...
         Starting LSB: Record successful boot for GRUB...
[[0;32m  OK  [0m] Started /etc/rc.local Compatibility.
[[0;32m  OK  [0m] Started iSCSI initiator daemon (iscsid).
         Starting Login to default iSCSI targets...
[[0;32m  OK  [0m] Started Login Service.
[[0;32m  OK  [0m] Started Unattended Upgrades Shutdown.
[[0;32m  OK  [0m] Started Login to default iSCSI targets.
[[0;32m  OK  [0m] Reached target Remote File Systems (Pre).
[[0;32m  OK  [0m] Reached target Remote File Systems.
         Starting LSB: automatic crash report generation...
         Starting LSB: Set the CPU Frequency Scaling governor to "ondemand"...
         Starting Permit User Sessions...
         Starting LSB: daemon to balance interrupts for SMP systems...
[[0;32m  OK  [0m] Started Permit User Sessions.
         Starting Terminate Plymouth Boot Screen...
         Starting Hold until boot process finishes up...
[[0;32m  OK  [0m] Started Hold until boot process finishes up.
         Starting Set console scheme...
[[0;32m  OK  [0m] Started Getty on tty1.
[[0;32m  OK  [0m] Started Serial Getty on ttyS0.
[[0;32m  OK  [0m] Reached target Login Prompts.
[[0;32m  OK  [0m] Started Set console scheme.
[[0;32m  OK  [0m] Started System Logging Service.
[[0;32m  OK  [0m] Started Terminate Plymouth Boot Screen.
[[0;32m  OK  [0m] Started LSB: Set the CPU Frequency Scaling governor to "ondemand".
[    6.868781] cloud-init[967]: |**. . . E.       |
[    6.872221] cloud-init[967]: |=... = @So       |
[    6.877959] cloud-init[967]: |+o  + =.X        |
[[0;32m  OK  [0m] Started LSB: daemon to balance interrupts for SMP systems.
[    6.890335] cloud-init[967]: |.* o o + +       |
[[0;32m  OK  [0m] Started LSB: automatic crash report generation.
         Starting Authenticate and Authorize Users to Run Privileged Tasks...
[[0;32m  OK  [0m] Started LSB: MD monitoring daemon.
[    6.901674] cloud-init[967]: |+ o . o . .      |
[[0;32m  OK  [0m] Started LSB: Record successful boot for GRUB.
[    6.914771] cloud-init[967]: |....             |
[    6.917580] cloud-init[967]: +----[SHA256]-----+
[    6.918752] cloud-init[[0;32m  OK  [0m] Started Authenticate and Authorize Users to Run Privileged Tasks.
[[0;32m  OK  [0m] Started Accounts Service.
[967]: Generating public/private dsa key pair.
[    6.924148] cloud-init[967]: Your identification has been saved in /etc/ssh/ssh_host_dsa_key.
[    6.926484] cloud-init[967]: Your public key has been saved in /etc/ssh/ssh_host_dsa_key.pub.
[    6.928941] cloud-init[967]: The key fingerprint is:
[    6.931056] cloud-init[967]: SHA256:x+2CGeJ4BOMjoxN25WPC9G9mIIsh0MmLTRY+kXEcreE root@ubuntu-xenial
[    6.932312] cloud-init[967]: The key's randomart image is:
[    6.933392] cloud-init[967]: +---[DSA 1024]----+
[[0;32m  OK  [0m] Started LXD - container startup/shutdown.
[    6.958158] cloud-init[967]: |  ++oo           |
[    6.960415] cloud-init[967]: | +.=o .          |
[    6.961735] cloud-init[967]: |. Ooo+           |
[    6.962109] cloud-init[967]: |.=o+Eo   . .     |
[    6.962451] cloud-init[967]: |+o==o*o S o .    |
[    6.963234] cloud-init[967]: |oo+o==+. = .     |
[    6.964028] cloud-init[967]: |o. .. o=o . .    |
[    6.966700] cloud-init[967]: | .   .+    .     |
[    6.973759] cloud-init[967]: |                 |
[    6.974661] cloud-init[967]: +----[SHA256]-----+
[    6.977086] cloud-init[967]: Generating public/private ecdsa key pair.
[    6.978646] cloud-init[967]: Your identification has been saved in /etc/ssh/ssh_host_ecdsa_key.
[    6.979240] cloud-init[967]: Your public key has been saved in /etc/ssh/ssh_host_ecdsa_key.pub.
[    6.982401] cloud-init[967]: The key fingerprint is:
[    6.984994] cloud-init[967]: SHA256:7YRBYu9XZ40k+fxFAdE/NE4aQaJK7EA4nPjiJ9F4c4Y root@ubuntu-xenial
[[0;32m  OK  [0m] Started Virtualbox guest utils.
[    6.987233] cloud-init[967]: The key's randomart image is:
[    6.989334] cloud-init[967]: +---[ECDSA 256]---+
[    6.990282] cloud-init[967]: |  o o.o .  .o**..|
[    6.993894] cloud-init[967]: | . =...+  . o+ B.|
[    6.994934] cloud-init[967]: |  + o. oo.  .oX.+|
[    6.996842] cloud-init[967]: | + E o+..+ . +ooo|
[    6.999507] cloud-init[967]: |. + +  oS +    .o|
[    7.003384] cloud-init[967]: | o .     +      .|
[    7.005764] cloud-init[967]: |  o       .      |
[    7.010697] cloud-init[967]: |                 |
[    7.016626] cloud-init[967]: |                 |
[    7.017534] cloud-init[967]: +----[SHA256]-----+
[    7.018133] cloud-init[967]: Generating public/private ed25519 key pair.
[    7.018825] cloud-init[967]: Your identification has been saved in /etc/ssh/ssh_host_ed25519_key.
[    7.019674] cloud-init[967]: Your public key has been saved in /etc/ssh/ssh_host_ed25519_key.pub.
[    7.024737] cloud-init[967]: The key fingerprint is:
[    7.025336] cloud-init[967]: SHA256:/hMJzTK+x4uwE61pYP0UCbsZ7lpRZK+Q4NTYtPRC0K8 root@ubuntu-xenial
[    7.026636] cloud-init[967]: The key's randomart image is:
[    7.027456] cloud-init[967]: +--[ED25519 256]--+
[    7.039389] cloud-init[967]: |    +B+ o        |
[    7.040314] cloud-init[967]: |   o.+=* .       |
[    7.041714] cloud-init[967]: |    . =+o+.      |
[    7.045120] cloud-init[967]: |      o+B.o      |
[    7.045704] cloud-init[967]: |     o.BS= .     |
[    7.050979] cloud-init[967]: |    o Eo+ o      |
[    7.053845] cloud-init[967]: |   . oo*.o .     |
[    7.054467] cloud-init[967]: |     .*ooo+      |
[    7.055031] cloud-init[967]: |    .o....oo     |
[    7.055595] cloud-init[967]: +----[SHA256]-----+
[[0;32m  OK  [0m] Started Snap Daemon.
         Starting Wait until snapd is fully seeded...
[[0;32m  OK  [0m] Started Pollinate to seed the pseudo random number generator.
         Starting OpenBSD Secure Shell server...
[[0;32m  OK  [0m] Started OpenBSD Secure Shell server.
[[0;32m  OK  [0m] Started Wait until snapd is fully seeded.
         Starting Apply the settings specified in cloud-config...
[[0;32m  OK  [0m] Reached target Multi-User System.
[[0;32m  OK  [0m] Reached target Graphical Interface.
         Starting Update UTMP about System Runlevel Changes...
[[0;32m  OK  [0m] Started Update UTMP about System Runlevel Changes.
[    8.363156] cloud-init[1321]: Generating locales (this might take a while)...
[    8.775301] cloud-init[1321]:   en_US.UTF-8... done
[    8.776157] cloud-init[1321]: Generation complete.
[    8.940084] cloud-init[1321]: Cloud-init v. 21.1-19-gbad84ad4-0ubuntu1~16.04.2 running 'modules:config' at Thu, 14 Nov 2024 12:02:53 +0000. Up 8.30 seconds.
[[0;32m  OK  [0m] Started Apply the settings specified in cloud-config.
         Starting Execute cloud user/final scripts...
ci-info: no authorized SSH keys fingerprints found for user ubuntu.
<14>Nov 14 12:02:54 ec2: 
<14>Nov 14 12:02:54 ec2: #############################################################
<14>Nov 14 12:02:54 ec2: -----BEGIN SSH HOST KEY FINGERPRINTS-----
<14>Nov 14 12:02:54 ec2: 1024 SHA256:x+2CGeJ4BOMjoxN25WPC9G9mIIsh0MmLTRY+kXEcreE root@ubuntu-xenial (DSA)
<14>Nov 14 12:02:54 ec2: 256 SHA256:7YRBYu9XZ40k+fxFAdE/NE4aQaJK7EA4nPjiJ9F4c4Y root@ubuntu-xenial (ECDSA)
<14>Nov 14 12:02:54 ec2: 256 SHA256:/hMJzTK+x4uwE61pYP0UCbsZ7lpRZK+Q4NTYtPRC0K8 root@ubuntu-xenial (ED25519)
<14>Nov 14 12:02:54 ec2: 2048 SHA256:VhVYkKrbDYiprUoYiAfjbmNAcjJhgn+fDvVGSz7MQek root@ubuntu-xenial (RSA)
<14>Nov 14 12:02:54 ec2: -----END SSH HOST KEY FINGERPRINTS-----
<14>Nov 14 12:02:54 ec2: #############################################################
-----BEGIN SSH HOST KEY KEYS-----
ecdsa-sha2-nistp256 AAAAE2VjZHNhLXNoYTItbmlzdHAyNTYAAAAIbmlzdHAyNTYAAABBBGyndN62p/rIS1lORJUiJxOhd4alTQlGv9TQ32fBjl5XM47Fkk0IAV/95eBtAxvLDDK/75k2/XniGNzz9LlAYzs= root@ubuntu-xenial
ssh-ed25519 AAAAC3NzaC1lZDI1NTE5AAAAIP69kiLrI86nqqv+XCTlQZFscS2CoOgZ/qrTf0gqZdDy root@ubuntu-xenial
ssh-rsa AAAAB3NzaC1yc2EAAAADAQABAAABAQC84wkGtXuZAR662PK47IH3hGhTIiR95memtYlYFeHmOV9kHL61ctTim9r9oCgIOPbSVJBZQqgEHhoXrC8gi06QTZbuenOWQvgfqqEMbF6A9WoFje8HKsqHQD4hSntOrhgdSAjbKiQ5aUZFgtWwwtcEktFg0i1ZsGL5Mtb9nxAMa4agZWQSYh6kpaA2ePeCB1vr11tvWY34TZ8K3YwvzntSjSubUjh2QYjBL85GGgXWC8Cr7XFqmKY3ZWT/v/mAEEswfYuKe0U3oQ24OZfVpWYOWmJ4F8ehOJYapllaqRraQKKKcHHyc7ITRcd4x7cxEapDp7I9GpG1AaLdhMSU4OWj root@ubuntu-xenial
-----END SSH HOST KEY KEYS-----
[    9.211684] cloud-init[1365]: Cloud-init v. 21.1-19-gbad84ad4-0ubuntu1~16.04.2 running 'modules:final' at Thu, 14 Nov 2024 12:02:53 +0000. Up 9.12 seconds.
[    9.212653] cloud-init[1365]: ci-info: no authorized SSH keys fingerprints found for user ubuntu.
[    9.213404] cloud-init[1365]: Cloud-init v. 21.1-19-gbad84ad4-0ubuntu1~16.04.2 finished at Thu, 14 Nov 2024 12:02:54 +0000. Datasource DataSourceNoCloud [seed=/dev/sdb][dsmode=net].  Up 9.20 seconds
[[0;32m  OK  [0m] Started Execute cloud user/final scripts.
[[0;32m  OK  [0m] Reached target Cloud-init target.

Ubuntu 16.04.7 LTS ubuntu-xenial ttyS0

ubuntu-xenial login: 