[    0.000000] Initializing cgroup subsys cpuset
[    0.000000] Initializing cgroup subsys cpu
[    0.000000] Initializing cgroup subsys cpuacct
[    0.000000] Linux version 4.4.0-210-generic (buildd@lgw01-amd64-009) (gcc version 5.4.0 20160609 (Ubuntu 5.4.0-6ubuntu1~16.04.12) ) #242-Ubuntu SMP Fri Apr 16 09:57:56 UTC 2021 (Ubuntu 4.4.0-210.242-generic 4.4.262)
[    0.000000] Command line: BOOT_IMAGE=/boot/vmlinuz-4.4.0-210-generic root=LABEL=cloudimg-rootfs ro console=tty1 console=ttyS0
[    0.000000] KERNEL supported cpus:
[    0.000000]   Intel GenuineIntel
[    0.000000]   AMD AuthenticAMD
[    0.000000]   Centaur CentaurHauls
[    0.000000] x86/fpu: xstate_offset[2]:  576, xstate_sizes[2]:  256
[    0.000000] x86/fpu: Supporting XSAVE feature 0x01: 'x87 floating point registers'
[    0.000000] x86/fpu: Supporting XSAVE feature 0x02: 'SSE registers'
[    0.000000] x86/fpu: Supporting XSAVE feature 0x04: 'AVX registers'
[    0.000000] x86/fpu: Enabled xstate features 0x7, context size is 832 bytes, using 'standard' format.
[    0.000000] e820: BIOS-provided physical RAM map:
[    0.000000] BIOS-e820: [mem 0x0000000000000000-0x000000000009fbff] usable
[    0.000000] BIOS-e820: [mem 0x000000000009fc00-0x000000000009ffff] reserved
[    0.000000] BIOS-e820: [mem 0x00000000000f0000-0x00000000000fffff] reserved
[    0.000000] BIOS-e820: [mem 0x0000000000100000-0x00000000dffeffff] usable
[    0.000000] BIOS-e820: [mem 0x00000000dfff0000-0x00000000dfffffff] ACPI data
[    0.000000] BIOS-e820: [mem 0x00000000fec00000-0x00000000fec00fff] reserved
[    0.000000] BIOS-e820: [mem 0x00000000fee00000-0x00000000fee00fff] reserved
[    0.000000] BIOS-e820: [mem 0x00000000fffc0000-0x00000000ffffffff] reserved
[    0.000000] BIOS-e820: [mem 0x0000000100000000-0x000000015fffffff] usable
[    0.000000] NX (Execute Disable) protection: active
[    0.000000] SMBIOS 2.5 present.
[    0.000000] Hypervisor detected: KVM
[    0.000000] e820: last_pfn = 0x160000 max_arch_pfn = 0x400000000
[    0.000000] MTRR: Disabled
[    0.000000] x86/PAT: MTRRs disabled, skipping PAT initialization too.
[    0.000000] CPU MTRRs all blank - virtualized system.
[    0.000000] x86/PAT: Configuration [0-7]: WB  WT  UC- UC  WB  WT  UC- UC  
[    0.000000] e820: last_pfn = 0xdfff0 max_arch_pfn = 0x400000000
[    0.000000] found SMP MP-table at [mem 0x0009fff0-0x0009ffff] mapped at [ffff88000009fff0]
[    0.000000] Scanning 1 areas for low memory corruption
[    0.000000] RAMDISK: [mem 0x36148000-0x3709bfff]
[    0.000000] ACPI: Early table checksum verification disabled
[    0.000000] ACPI: RSDP 0x00000000000E0000 000024 (v02 VBOX  )
[    0.000000] ACPI: XSDT 0x00000000DFFF0030 00003C (v01 VBOX   VBOXXSDT 00000001 ASL  00000061)
[    0.000000] ACPI: FACP 0x00000000DFFF00F0 0000F4 (v04 VBOX   VBOXFACP 00000001 ASL  00000061)
[    0.000000] ACPI: DSDT 0x00000000DFFF0620 002353 (v02 VBOX   VBOXBIOS 00000002 INTL 20200925)
[    0.000000] ACPI: FACS 0x00000000DFFF0200 000040
[    0.000000] ACPI: FACS 0x00000000DFFF0200 000040
[    0.000000] ACPI: APIC 0x00000000DFFF0240 00006C (v02 VBOX   VBOXAPIC 00000001 ASL  00000061)
[    0.000000] ACPI: SSDT 0x00000000DFFF02B0 00036C (v01 VBOX   VBOXCPUT 00000002 INTL 20200925)
[    0.000000] No NUMA configuration found
[    0.000000] Faking a node at [mem 0x0000000000000000-0x000000015fffffff]
[    0.000000] NODE_DATA(0) allocated [mem 0x15fff7000-0x15fffbfff]
[    0.000000] kvm-clock: Using msrs 4b564d01 and 4b564d00
[    0.000000] kvm-clock: cpu 0, msr 1:5ffef001, primary cpu clock
[    0.000000] kvm-clock: using sched offset of 2839257678 cycles
[    0.000000] clocksource: kvm-clock: mask: 0xffffffffffffffff max_cycles: 0x1cd42e4dffb, max_idle_ns: 881590591483 ns
[    0.000000] Zone ranges:
[    0.000000]   DMA      [mem 0x0000000000001000-0x0000000000ffffff]
[    0.000000]   DMA32    [mem 0x0000000001000000-0x00000000ffffffff]
[    0.000000]   Normal   [mem 0x0000000100000000-0x000000015fffffff]
[    0.000000]   Device   empty
[    0.000000] Movable zone start for each node
[    0.000000] Early memory node ranges
[    0.000000]   node   0: [mem 0x0000000000001000-0x000000000009efff]
[    0.000000]   node   0: [mem 0x0000000000100000-0x00000000dffeffff]
[    0.000000]   node   0: [mem 0x0000000100000000-0x000000015fffffff]
[    0.000000] Initmem setup node 0 [mem 0x0000000000001000-0x000000015fffffff]
[    0.000000] ACPI: PM-Timer IO Port: 0x4008
[    0.000000] IOAPIC[0]: apic_id 4, version 32, address 0xfec00000, GSI 0-23
[    0.000000] ACPI: INT_SRC_OVR (bus 0 bus_irq 0 global_irq 2 dfl dfl)
[    0.000000] ACPI: INT_SRC_OVR (bus 0 bus_irq 9 global_irq 9 low level)
[    0.000000] Using ACPI (MADT) for SMP configuration information
[    0.000000] smpboot: Allowing 4 CPUs, 0 hotplug CPUs
[    0.000000] PM: Registered nosave memory: [mem 0x00000000-0x00000fff]
[    0.000000] PM: Registered nosave memory: [mem 0x0009f000-0x0009ffff]
[    0.000000] PM: Registered nosave memory: [mem 0x000a0000-0x000effff]
[    0.000000] PM: Registered nosave memory: [mem 0x000f0000-0x000fffff]
[    0.000000] PM: Registered nosave memory: [mem 0xdfff0000-0xdfffffff]
[    0.000000] PM: Registered nosave memory: [mem 0xe0000000-0xfebfffff]
[    0.000000] PM: Registered nosave memory: [mem 0xfec00000-0xfec00fff]
[    0.000000] PM: Registered nosave memory: [mem 0xfec01000-0xfedfffff]
[    0.000000] PM: Registered nosave memory: [mem 0xfee00000-0xfee00fff]
[    0.000000] PM: Registered nosave memory: [mem 0xfee01000-0xfffbffff]
[    0.000000] PM: Registered nosave memory: [mem 0xfffc0000-0xffffffff]
[    0.000000] e820: [mem 0xe0000000-0xfebfffff] available for PCI devices
[    0.000000] Booting paravirtualized kernel on KVM
[    0.000000] clocksource: refined-jiffies: mask: 0xffffffff max_cycles: 0xffffffff, max_idle_ns: 7645519600211568 ns
[    0.000000] setup_percpu: NR_CPUS:512 nr_cpumask_bits:512 nr_cpu_ids:4 nr_node_ids:1
[    0.000000] PERCPU: Embedded 33 pages/cpu @ffff88015fc00000 s95192 r8192 d31784 u524288
[    0.000000] Built 1 zonelists in Node order, mobility grouping on.  Total pages: 1290104
[    0.000000] Policy zone: Normal
[    0.000000] Kernel command line: BOOT_IMAGE=/boot/vmlinuz-4.4.0-210-generic root=LABEL=cloudimg-rootfs ro console=tty1 console=ttyS0
[    0.000000] PID hash table entries: 4096 (order: 3, 32768 bytes)
[    0.000000] Memory: 5059424K/5242424K available (8644K kernel code, 1332K rwdata, 4044K rodata, 1492K init, 1164K bss, 183000K reserved, 0K cma-reserved)
[    0.000000] SLUB: HWalign=64, Order=0-3, MinObjects=0, CPUs=4, Nodes=1
[    0.000000] Kernel/User page tables isolation: enabled
[    0.000000] Hierarchical RCU implementation.
[    0.000000] 	Build-time adjustment of leaf fanout to 64.
[    0.000000] 	RCU restricting CPUs from NR_CPUS=512 to nr_cpu_ids=4.
[    0.000000] RCU: Adjusting geometry for rcu_fanout_leaf=64, nr_cpu_ids=4
[    0.000000] NR_IRQS:33024 nr_irqs:456 16
[    0.000000] Console: colour VGA+ 80x25
[    0.000000] console [tty1] enabled
[    0.000000] console [ttyS0] enabled
[    0.000000] tsc: Detected 2419.200 MHz processor
[    0.108808] Calibrating delay loop (skipped) preset value.. 4838.40 BogoMIPS (lpj=9676800)
[    0.109771] pid_max: default: 32768 minimum: 301
[    0.110307] ACPI: Core revision 20150930
[    0.111511] ACPI: 2 ACPI AML tables successfully acquired and loaded
[    0.112280] Security Framework initialized
[    0.112784] Yama: becoming mindful.
[    0.113235] AppArmor: AppArmor initialized
[    0.114190] Dentry cache hash table entries: 1048576 (order: 11, 8388608 bytes)
[    0.116341] Inode-cache hash table entries: 524288 (order: 10, 4194304 bytes)
[    0.117565] Mount-cache hash table entries: 16384 (order: 5, 131072 bytes)
[    0.118289] Mountpoint-cache hash table entries: 16384 (order: 5, 131072 bytes)
[    0.119470] Initializing cgroup subsys io
[    0.119958] Initializing cgroup subsys memory
[    0.120475] Initializing cgroup subsys devices
[    0.120988] Initializing cgroup subsys freezer
[    0.121496] Initializing cgroup subsys net_cls
[    0.122003] Initializing cgroup subsys perf_event
[    0.122537] Initializing cgroup subsys net_prio
[    0.123065] Initializing cgroup subsys hugetlb
[    0.123574] Initializing cgroup subsys pids
[    0.149485] mce: CPU supports 0 MCE banks
[    0.150115] Last level iTLB entries: 4KB 0, 2MB 0, 4MB 0
[    0.150742] Last level dTLB entries: 4KB 0, 2MB 0, 4MB 0, 1GB 0
[    0.151391] Spectre V1 : Mitigation: usercopy/swapgs barriers and __user pointer sanitization
[    0.152361] Spectre V2 : Mitigation: Full generic retpoline
[    0.153001] Spectre V2 : Spectre v2 / SpectreRSB mitigation: Filling RSB on context switch
[    0.153963] Speculative Store Bypass: Vulnerable
[    0.154535] MDS: Mitigation: Clear CPU buffers
[    0.156864] Freeing SMP alternatives memory: 36K
[    0.161680] ftrace: allocating 32380 entries in 127 pages
[    0.202142] smpboot: APIC(0) Converting physical 0 to logical package 0
[    0.203100] smpboot: Max logical packages: 1
[    0.203859] x2apic enabled
[    0.204477] Switched APIC routing to physical x2apic.
[    0.205980] ..TIMER: vector=0x30 apic1=0 pin1=2 apic2=-1 pin2=-1
[    0.314915] smpboot: CPU0: 11th Gen Intel(R) Core(TM) i5-1135G7 @ 2.40GHz (family: 0x6, model: 0x8c, stepping: 0x1)
[    0.316633] Performance Events: unsupported p6 CPU model 140 no PMU driver, software events only.
[    0.324761] KVM setup paravirtual spinlock
[    0.326274] x86: Booting SMP configuration:
[    0.326880] .... node  #0, CPUs:      #1
[    0.327582] kvm-clock: cpu 1, msr 1:5ffef041, secondary cpu clock
[    0.353521] mce: CPU supports 0 MCE banks
[    0.356037]  #2
[    0.356577] kvm-clock: cpu 2, msr 1:5ffef081, secondary cpu clock
[    0.382394] mce: CPU supports 0 MCE banks
[    0.384884]  #3
[    0.385240] kvm-clock: cpu 3, msr 1:5ffef0c1, secondary cpu clock
[    0.411273] mce: CPU supports 0 MCE banks
[    0.413728] x86: Booted up 1 node, 4 CPUs
[    0.414523] smpboot: Total of 4 processors activated (19353.60 BogoMIPS)
[    0.415884] devtmpfs: initialized
[    0.417796] evm: security.selinux
[    0.418321] evm: security.SMACK64
[    0.418854] evm: security.SMACK64EXEC
[    0.419366] evm: security.SMACK64TRANSMUTE
[    0.419944] evm: security.SMACK64MMAP
[    0.420471] evm: security.ima
[    0.420938] evm: security.capability
[    0.421653] clocksource: jiffies: mask: 0xffffffff max_cycles: 0xffffffff, max_idle_ns: 7645041785100000 ns
[    0.423029] futex hash table entries: 1024 (order: 4, 65536 bytes)
[    0.423995] pinctrl core: initialized pinctrl subsystem
[    0.424818] RTC time: 16:57:11, date: 11/19/24
[    0.425999] NET: Registered protocol family 16
[    0.434189] cpuidle: using governor ladder
[    0.446440] cpuidle: using governor menu
[    0.446958] PCCT header not found.
[    0.447536] ACPI: bus type PCI registered
[    0.448023] acpiphp: ACPI Hot Plug PCI Controller Driver version: 0.5
[    0.448765] PCI: Using configuration type 1 for base access
[    0.458952] ACPI: Added _OSI(Module Device)
[    0.459576] ACPI: Added _OSI(Processor Device)
[    0.460200] ACPI: Added _OSI(3.0 _SCP Extensions)
[    0.460865] ACPI: Added _OSI(Processor Aggregator Device)
[    0.462358] ACPI: Executed 1 blocks of module-level executable AML code
[    0.464848] ACPI: Interpreter enabled
[    0.465393] ACPI: (supports S0 S5)
[    0.466023] ACPI: Using IOAPIC for interrupt routing
[    0.467046] PCI: Using host bridge windows from ACPI; if necessary, use "pci=nocrs" and report a bug
[    0.470914] ACPI: PCI Root Bridge [PCI0] (domain 0000 [bus 00-ff])
[    0.471933] acpi PNP0A03:00: _OSC: OS supports [ASPM ClockPM Segments MSI]
[    0.473112] acpi PNP0A03:00: _OSC: not requesting OS control; OS requires [ExtendedConfig ASPM ClockPM MSI]
[    0.474485] acpi PNP0A03:00: fail to add MMCONFIG information, can't access extended PCI configuration space under this bridge.
[    0.486722] PCI host bridge to bus 0000:00
[    0.487807] pci_bus 0000:00: root bus resource [io  0x0000-0x0cf7 window]
[    0.489418] pci_bus 0000:00: root bus resource [io  0x0d00-0xffff window]
[    0.491692] pci_bus 0000:00: root bus resource [mem 0x000a0000-0x000bffff window]
[    0.493082] pci_bus 0000:00: root bus resource [mem 0xe0000000-0xfdffffff window]
[    0.494375] pci_bus 0000:00: root bus resource [bus 00-ff]
[    0.496480] pci 0000:00:01.1: legacy IDE quirk: reg 0x10: [io  0x01f0-0x01f7]
[    0.497604] pci 0000:00:01.1: legacy IDE quirk: reg 0x14: [io  0x03f6]
[    0.498603] pci 0000:00:01.1: legacy IDE quirk: reg 0x18: [io  0x0170-0x0177]
[    0.499675] pci 0000:00:01.1: legacy IDE quirk: reg 0x1c: [io  0x0376]
[    0.547793] pci 0000:00:07.0: quirk: [io  0x4000-0x403f] claimed by PIIX4 ACPI
[    0.548875] pci 0000:00:07.0: quirk: [io  0x4100-0x410f] claimed by PIIX4 SMB
[    0.586518] ACPI: PCI Interrupt Link [LNKA] (IRQs 5 9 10 *11)
[    0.589176] ACPI: PCI Interrupt Link [LNKB] (IRQs 5 9 *10 11)
[    0.591327] ACPI: PCI Interrupt Link [LNKC] (IRQs 5 *9 10 11)
[    0.593448] ACPI: PCI Interrupt Link [LNKD] (IRQs 5 9 10 *11)
[    0.595615] ACPI: Enabled 2 GPEs in block 00 to 07
[    0.597136] vgaarb: setting as boot device: PCI:0000:00:02.0
[    0.598503] vgaarb: device added: PCI:0000:00:02.0,decodes=io+mem,owns=io+mem,locks=none
[    0.600725] vgaarb: loaded
[    0.601500] vgaarb: bridge control possible 0000:00:02.0
[    0.603177] SCSI subsystem initialized
[    0.604441] ACPI: bus type USB registered
[    0.605479] usbcore: registered new interface driver usbfs
[    0.606400] usbcore: registered new interface driver hub
[    0.607394] usbcore: registered new device driver usb
[    0.608585] PCI: Using ACPI for IRQ routing
[    0.609676] NetLabel: Initializing
[    0.610411] NetLabel:  domain hash size = 128
[    0.611215] NetLabel:  protocols = UNLABELED CIPSOv4
[    0.611931] NetLabel:  unlabeled traffic allowed by default
[    0.612702] amd_nb: Cannot enumerate AMD northbridges
[    0.613407] clocksource: Switched to clocksource kvm-clock
[    0.618754] AppArmor: AppArmor Filesystem Enabled
[    0.619492] pnp: PnP ACPI init
[    0.620431] pnp: PnP ACPI: found 3 devices
[    0.627727] clocksource: acpi_pm: mask: 0xffffff max_cycles: 0xffffff, max_idle_ns: 2085701024 ns
[    0.629022] NET: Registered protocol family 2
[    0.629816] TCP established hash table entries: 65536 (order: 7, 524288 bytes)
[    0.630886] TCP bind hash table entries: 65536 (order: 8, 1048576 bytes)
[    0.631929] TCP: Hash tables configured (established 65536 bind 65536)
[    0.632761] UDP hash table entries: 4096 (order: 5, 131072 bytes)
[    0.633522] UDP-Lite hash table entries: 4096 (order: 5, 131072 bytes)
[    0.634361] NET: Registered protocol family 1
[    0.634951] pci 0000:00:00.0: Limiting direct PCI/PCI transfers
[    0.635710] pci 0000:00:01.0: Activating ISA DMA hang workarounds
[    0.636530] Unpacking initramfs...
[    0.814252] Freeing initrd memory: 15696K
[    0.814907] PCI-DMA: Using software bounce buffering for IO (SWIOTLB)
[    0.815699] software IO TLB: mapped [mem 0xdbff0000-0xdfff0000] (64MB)
[    0.816530] clocksource: tsc: mask: 0xffffffffffffffff max_cycles: 0x22df1149949, max_idle_ns: 440795312789 ns
[    0.817730] platform rtc_cmos: registered platform RTC device (no PNP device found)
[    0.818632] Scanning for low memory corruption every 60 seconds
[    0.819923] audit: initializing netlink subsys (disabled)
[    0.820677] audit: type=2000 audit(1732035436.174:1): initialized
[    0.821621] Initialise system trusted keyring
[    0.822370] HugeTLB registered 2 MB page size, pre-allocated 0 pages
[    0.824213] zbud: loaded
[    0.824930] VFS: Disk quotas dquot_6.6.0
[    0.825581] VFS: Dquot-cache hash table entries: 512 (order 0, 4096 bytes)
[    0.826625] squashfs: version 4.0 (2009/01/31) Phillip Lougher
[    0.827675] fuse init (API version 7.23)
[    0.828334] Key type big_key registered
[    0.828933] Allocating IMA MOK and blacklist keyrings.
[    0.830208] Key type asymmetric registered
[    0.830822] Asymmetric key parser 'x509' registered
[    0.831501] Block layer SCSI generic (bsg) driver version 0.4 loaded (major 249)
[    0.832522] io scheduler noop registered
[    0.833310] io scheduler deadline registered (default)
[    0.834074] io scheduler cfq registered
[    0.834753] pci_hotplug: PCI Hot Plug PCI Core version: 0.5
[    0.835472] pciehp: PCI Express Hot Plug Controller Driver version: 0.4
[    0.836393] ACPI: AC Adapter [AC] (on-line)
[    0.837093] input: Power Button as /devices/LNXSYSTM:00/LNXPWRBN:00/input/input0
[    0.838283] ACPI: Power Button [PWRF]
[    0.838903] input: Sleep Button as /devices/LNXSYSTM:00/LNXSLPBN:00/input/input1
[    0.839936] ACPI: Sleep Button [SLPF]
[    0.840605] GHES: HEST is not enabled!
[    0.841010] ACPI: Battery Slot [BAT0] (battery present)
[    0.841908] Serial: 8250/16550 driver, 32 ports, IRQ sharing enabled
[    0.862881] 00:02: ttyS0 at I/O 0x3f8 (irq = 4, base_baud = 115200) is a 16550A
[    0.865431] Linux agpgart interface v0.103
[    0.867392] loop: module loaded
[    0.868262] scsi host0: ata_piix
[    0.868815] scsi host1: ata_piix
[    0.869250] ata1: PATA max UDMA/33 cmd 0x1f0 ctl 0x3f6 bmdma 0xd000 irq 14
[    0.869997] ata2: PATA max UDMA/33 cmd 0x170 ctl 0x376 bmdma 0xd008 irq 15
[    0.870765] libphy: Fixed MDIO Bus: probed
[    0.871272] tun: Universal TUN/TAP device driver, 1.6
[    0.871840] tun: (C) 1999-2004 Max Krasnyansky <maxk@qualcomm.com>
[    0.872672] PPP generic driver version 2.4.2
[    0.873351] ehci_hcd: USB 2.0 'Enhanced' Host Controller (EHCI) Driver
[    0.874195] ehci-pci: EHCI PCI platform driver
[    0.874787] ehci-platform: EHCI generic platform driver
[    0.875419] ohci_hcd: USB 1.1 'Open' Host Controller (OHCI) Driver
[    0.876057] ohci-pci: OHCI PCI platform driver
[    0.876564] ohci-platform: OHCI generic platform driver
[    0.877196] uhci_hcd: USB Universal Host Controller Interface driver
[    0.878011] i8042: PNP: PS/2 Controller [PNP0303:PS2K,PNP0f03:PS2M] at 0x60,0x64 irq 1,12
[    0.879502] serio: i8042 KBD port at 0x60,0x64 irq 1
[    0.880074] serio: i8042 AUX port at 0x60,0x64 irq 12
[    0.880857] mousedev: PS/2 mouse device common for all mice
[    0.881953] input: AT Translated Set 2 keyboard as /devices/platform/i8042/serio0/input/input2
[    0.883586] rtc_cmos rtc_cmos: rtc core: registered rtc_cmos as rtc0
[    0.884521] rtc_cmos rtc_cmos: alarms up to one day, 114 bytes nvram
[    0.885404] i2c /dev entries driver
[    0.886044] device-mapper: uevent: version 1.0.3
[    0.886829] device-mapper: ioctl: 4.34.0-ioctl (2015-10-28) initialised: dm-devel@redhat.com
[    0.888092] ledtrig-cpu: registered to indicate activity on CPUs
[    0.889307] NET: Registered protocol family 10
[    0.890154] NET: Registered protocol family 17
[    0.890836] Key type dns_resolver registered
[    0.891775] registered taskstats version 1
[    0.892422] Loading compiled-in X.509 certificates
[    0.893666] Loaded X.509 cert 'Build time autogenerated kernel key: cf00e047681d67edb2720680708b7d9498083038'
[    0.895054] zswap: loaded using pool lzo/zbud
[    0.897423] Key type trusted registered
[    0.899991] Key type encrypted registered
[    0.900481] AppArmor: AppArmor sha1 policy hashing enabled
[    0.901136] ima: No TPM chip found, activating TPM-bypass!
[    0.901818] ima: Allocated hash algorithm: sha1
[    0.902343] evm: HMAC attrs: 0x1
[    0.902950]   Magic number: 0:599:995
[    0.903466] memory memory38: hash matches
[    0.903973] rtc_cmos rtc_cmos: setting system clock to 2024-11-19 16:57:11 UTC (1732035431)
[    0.904988] BIOS EDD facility v0.16 2004-Jun-25, 0 devices found
[    0.905635] EDD information not available.
[    1.098331] Freeing unused kernel memory: 1492K
[    1.099017] Write protecting the kernel read-only data: 14336k
[    1.100044] Freeing unused kernel memory: 1584K
[    1.100754] Freeing unused kernel memory: 52K
Loading, please wait...
starting version 229
[    1.110635] random: systemd-udevd: uninitialized urandom read (16 bytes read, 3 bits of entropy available)
[    1.111046] random: udevadm: uninitialized urandom read (16 bytes read, 3 bits of entropy available)
[    1.111076] random: udevadm: uninitialized urandom read (16 bytes read, 3 bits of entropy available)
[    1.114610] random: systemd-udevd: uninitialized urandom read (16 bytes read, 3 bits of entropy available)
[    1.115945] random: systemd-udevd: uninitialized urandom read (16 bytes read, 3 bits of entropy available)
[    1.117021] random: udevadm: uninitialized urandom read (16 bytes read, 3 bits of entropy available)
[    1.117078] random: udevadm: uninitialized urandom read (16 bytes read, 3 bits of entropy available)
[    1.117316] random: udevadm: uninitialized urandom read (16 bytes read, 3 bits of entropy available)
[    1.117383] random: udevadm: uninitialized urandom read (16 bytes read, 3 bits of entropy available)
[    1.117495] random: udevadm: uninitialized urandom read (16 bytes read, 3 bits of entropy available)
[    1.161686] e1000: Intel(R) PRO/1000 Network Driver - version 7.3.21-k8-NAPI
[    1.163425] e1000: Copyright (c) 1999-2006 Intel Corporation.
[    1.165103] Fusion MPT base driver 3.04.20
[    1.166221] Copyright (c) 1999-2008 LSI Corporation
[    1.173310] Fusion MPT SPI Host driver 3.04.20
[    1.188203] AVX2 version of gcm_enc/dec engaged.
[    1.192913] AES CTR mode by8 optimization enabled
[    1.370740] input: ImExPS/2 Generic Explorer Mouse as /devices/platform/i8042/serio1/input/input4
[    2.161410] e1000 0000:00:03.0 eth0: (PCI:33MHz:32-bit) 02:be:82:6b:cc:1d
[    2.162501] e1000 0000:00:03.0 eth0: Intel(R) PRO/1000 Network Connection
[    2.928185] e1000 0000:00:08.0 eth1: (PCI:33MHz:32-bit) 08:00:27:78:08:5d
[    2.935826] e1000 0000:00:08.0 eth1: Intel(R) PRO/1000 Network Connection
[    2.937281] mptbase: ioc0: Initiating bringup
[    2.938678] e1000 0000:00:03.0 enp0s3: renamed from eth0
[    3.075832] e1000 0000:00:08.0 enp0s8: renamed from eth1
[    3.129750] ioc0: LSI53C1030 A0: Capabilities={Initiator}
[    5.780723] scsi host2: ioc0: LSI53C1030 A0, FwRev=00000000h, Ports=1, MaxQ=256, IRQ=20
[    7.653451] scsi 2:0:0:0: Direct-Access     VBOX     HARDDISK         1.0  PQ: 0 ANSI: 5
[    7.654614] scsi target2:0:0: Beginning Domain Validation
[    7.656301] scsi target2:0:0: Domain Validation skipping write tests
[    7.657068] scsi target2:0:0: Ending Domain Validation
[    7.657790] scsi target2:0:0: asynchronous
[    7.658695] scsi 2:0:1:0: Direct-Access     VBOX     HARDDISK         1.0  PQ: 0 ANSI: 5
[    7.659749] scsi target2:0:1: Beginning Domain Validation
[    7.661146] scsi target2:0:1: Domain Validation skipping write tests
[    7.662010] scsi target2:0:1: Ending Domain Validation
[    7.662730] scsi target2:0:1: asynchronous
[    7.666134] sd 2:0:0:0: Attached scsi generic sg0 type 0
[    7.666247] sd 2:0:0:0: [sda] 83886080 512-byte logical blocks: (42.9 GB/40.0 GiB)
[    7.666365] sd 2:0:0:0: [sda] Write Protect is off
[    7.666440] sd 2:0:0:0: [sda] Incomplete mode parameter data
[    7.666441] sd 2:0:0:0: [sda] Assuming drive cache: write through
[    7.670929] sd 2:0:1:0: Attached scsi generic sg1 type 0
[    7.671074] sd 2:0:1:0: [sdb] 20480 512-byte logical blocks: (10.5 MB/10.0 MiB)
[    7.671178] sd 2:0:1:0: [sdb] Write Protect is off
[    7.671243] sd 2:0:1:0: [sdb] Incomplete mode parameter data
[    7.671245] sd 2:0:1:0: [sdb] Assuming drive cache: write through
[    7.673874]  sda: sda1
[    7.674622] sd 2:0:0:0: [sda] Attached SCSI disk
[    7.675082] sd 2:0:1:0: [sdb] Attached SCSI disk
Begin: Loading essential drivers ... [    8.911459] md: linear personality registered for level -1
[    8.914059] md: multipath personality registered for level -4
[    8.916765] md: raid0 personality registered for level 0
[    8.920096] md: raid1 personality registered for level 1
[    8.989538] raid6: sse2x1   gen() 13753 MB/s
[    9.057473] raid6: sse2x1   xor()  9274 MB/s
[    9.125451] raid6: sse2x2   gen() 19825 MB/s
[    9.193467] raid6: sse2x2   xor() 12960 MB/s
[    9.261444] raid6: sse2x4   gen() 21828 MB/s
[    9.329566] raid6: sse2x4   xor() 13884 MB/s
[    9.397449] raid6: avx2x1   gen() 25587 MB/s
[    9.465454] raid6: avx2x2   gen() 34811 MB/s
[    9.533436] raid6: avx2x4   gen() 37485 MB/s
[    9.534098] raid6: using algorithm avx2x4 gen() 37485 MB/s
[    9.534799] raid6: using avx2x2 recovery algorithm
[    9.536523] xor: automatically using best checksumming function:
[    9.573451]    avx       : 29328.000 MB/sec
[    9.575125] async_tx: api initialized (async)
[    9.582505] md: raid6 personality registered for level 6
[    9.583400] md: raid5 personality registered for level 5
[    9.584195] md: raid4 personality registered for level 4
[    9.589641] md: raid10 personality registered for level 10
done.
Begin: Running /scripts/init-premount ... done.
Begin: Mounting root file system ... Begin: Running /scripts/local-top ... done.
Begin: Running /scripts/local-premount ... [    9.612619] Btrfs loaded
Scanning for Btrfs filesystems
done.
Begin: Will now check root file system ... fsck from util-linux 2.27.1
[/sbin/fsck.ext4 (1) -- /dev/sda1] fsck.ext4 -a -C0 /dev/sda1 
cloudimg-rootfs: clean, 387153/5120000 files, 2968228/10485499 blocks
done.
[    9.647503] EXT4-fs (sda1): mounted filesystem with ordered data mode. Opts: (null)
done.
Begin: Running /scripts/local-bottom ... done.
Begin: Running /scripts/init-bottom ... done.
[    9.708318] systemd[1]: systemd 229 running in system mode. (+PAM +AUDIT +SELINUX +IMA +APPARMOR +SMACK +SYSVINIT +UTMP +LIBCRYPTSETUP +GCRYPT +GNUTLS +ACL +XZ -LZ4 +SECCOMP +BLKID +ELFUTILS +KMOD -IDN)
[    9.710623] systemd[1]: Detected virtualization oracle.
[    9.711342] systemd[1]: Detected architecture x86-64.

Welcome to [1mUbuntu 16.04.7 LTS[0m!

[    9.712954] systemd[1]: Set hostname to <integration-server>.
[    9.793874] systemd[1]: Reached target System Time Synchronized.
[[0;32m  OK  [0m] Reached target System Time Synchronized.
[    9.795268] systemd[1]: Listening on LVM2 metadata daemon socket.
[[0;32m  OK  [0m] Listening on LVM2 metadata daemon socket.
[    9.796466] systemd[1]: Listening on udev Control Socket.
[[0;32m  OK  [0m] Listening on udev Control Socket.
[    9.797748] systemd[1]: Created slice User and Session Slice.
[[0;32m  OK  [0m] Created slice User and Session Slice.
[    9.798870] systemd[1]: Reached target User and Group Name Lookups.
[[0;32m  OK  [0m] Reached target User and Group Name Lookups.
[    9.800110] systemd[1]: Listening on Journal Socket (/dev/log).
[[0;32m  OK  [0m] Listening on Journal Socket (/dev/log).
[    9.801242] systemd[1]: Listening on LVM2 poll daemon socket.
[[0;32m  OK  [0m] Listening on LVM2 poll daemon socket.
[    9.802468] systemd[1]: Set up automount Arbitrary Executable File Formats File System Automount Point.
[[0;32m  OK  [0m] Set up automount Arbitrary Executab...ats File System Automount Point.
[    9.809615] systemd[1]: Started Forward Password Requests to Wall Directory Watch.
[[0;32m  OK  [0m] Started Forward Password Requests to Wall Directory Watch.
[    9.811157] systemd[1]: Listening on Device-mapper event daemon FIFOs.
[[0;32m  OK  [0m] Listening on Device-mapper event daemon FIFOs.
[    9.812447] systemd[1]: Listening on udev Kernel Socket.
[[0;32m  OK  [0m] Listening on udev Kernel Socket.
[    9.821607] systemd[1]: Reached target Swap.
[[0;32m  OK  [0m] Reached target Swap.
[    9.822648] systemd[1]: Listening on Syslog Socket.
[[0;32m  OK  [0m] Listening on Syslog Socket.
[    9.823903] systemd[1]: Created slice System Slice.
[[0;32m  OK  [0m] Created slice System Slice.
[    9.825256] systemd[1]: Created slice system-serial\x2dgetty.slice.
[[0;32m  OK  [0m] Created slice system-serial\x2dgetty.slice.
[    9.826417] systemd[1]: Listening on fsck to fsckd communication Socket.
[[0;32m  OK  [0m] Listening on fsck to fsckd communication Socket.
[    9.827600] systemd[1]: Listening on /dev/initctl Compatibility Named Pipe.
[[0;32m  OK  [0m] Listening on /dev/initctl Compatibility Named Pipe.
[    9.828879] systemd[1]: Reached target Encrypted Volumes.
[[0;32m  OK  [0m] Reached target Encrypted Volumes.
[    9.830040] systemd[1]: Reached target Slices.
[[0;32m  OK  [0m] Reached target Slices.
[    9.831052] systemd[1]: Listening on Journal Audit Socket.
[[0;32m  OK  [0m] Listening on Journal Audit Socket.
[    9.832182] systemd[1]: Listening on Journal Socket.
[[0;32m  OK  [0m] Listening on Journal Socket.
[    9.853530] systemd[1]: Mounting Debug File System...
         Mounting Debug File System...
[    9.855329] systemd[1]: Starting Create list of required static device nodes for the current kernel...
         Starting Create list of required st... nodes for the current kernel...
[    9.858396] systemd[1]: Starting Remount Root and Kernel File Systems...
         Starting Remount Root and Kernel File Systems...
[    9.860435] systemd[1]: Starting Monitoring of LVM2 mirrors, snapshots etc. using dmeventd or progress polling...
[    9.861363] EXT4-fs (sda1): re-mounted. Opts: (null)
         Starting Monitoring of LVM2 mirrors... dmeventd or progress polling...
[    9.863974] systemd[1]: Mounting Huge Pages File System...
         Mounting Huge Pages File System...
[    9.865940] systemd[1]: Starting Set console keymap...
         Starting Set console keymap...
[    9.867744] systemd[1]: Starting Uncomplicated firewall...
         Starting Uncomplicated firewall...
[    9.870372] systemd[1]: Starting Journal Service...
         Starting Journal Service...
[    9.872101] systemd[1]: Mounting POSIX Message Queue File System...
         Mounting POSIX Message Queue File System...
[    9.874939] systemd[1]: Starting Nameserver information manager...
         Starting Nameserver information manager...
[    9.878037] systemd[1]: Starting Load Kernel Modules...
         Starting Load Kernel Modules...
[    9.879584] systemd[1]: Started Trigger resolvconf update for networkd DNS.
[[0;32m  OK  [0m] Started Trigger resolvconf update for networkd DNS.
[    9.883115] systemd[1]: Mounted Huge Pages File System.
[[0;32m  OK  [[    9.884323] Loading iSCSI transport class v2.0-870.
0m] Mounted Huge Pages File System.
[    9.888834] systemd[1]: Mounted POSIX Message Queue File System.
[[0;32m  OK  [0m] Mounted POSIX Message Queue File System.
[    9.890226] systemd[1]: Mounted Debug File System.
[[0;32m  OK  [0m] Mounted Debug File System.
[    9.891494] systemd[1]: Started Journal Service.
[[0;32m  OK  [0m] Started Journal Service.
[[0;32m  OK  [0m] Started Create list of required sta...ce nodes for the current kernel.
[    9.897836] iscsi: registered transport (tcp)
[[0;32m  OK  [0m] Started Remount Root and Kernel File Systems.
[[0;32m  OK  [0m] Started Uncomplicated firewall.
[    9.916597] iscsi: registered transport (iser)
[[0;32m  OK  [0m] Started Set console keymap.
[[0;32m  OK  [0m] Started Load Kernel Modules.
[[0;32m  OK  [0m] Started Nameserver information manager.
[[0;32m  OK  [0m] Started LVM2 metadata daemon.
         Starting Apply Kernel Variables...
         Mounting FUSE Control File System...
         Starting udev Coldplug all Devices...
         Starting Load/Save Random Seed...
         Starting Create Static Device Nodes in /dev...
         Starting Flush Journal to Persistent Storage...
[[0;32m  OK  [0m] Mounted FUSE Control File System.
[[0;32m  OK  [0m] Started Apply Kernel Variables.
[[0;32m  OK  [0m] Started Load/Save Random Seed.
[[0;32m  OK  [0m] Started Flush Journal to Persistent Storage.
[[0;32m  OK  [0m] Started Create Static Device Nodes in /dev.
         Starting udev Kernel Device Manager...
[[0;32m  OK  [0m] Started udev Coldplug all Devices.
[[0;32m  OK  [0m] Started udev Kernel Device Manager.
[[0;32m  OK  [0m] Started Dispatch Password Requests to Console Directory Watch.
[[0;32m  OK  [0m] Found device /dev/ttyS0.
[[0;32m  OK  [0m] Listening on Load/Save RF Kill Switch Status /dev/rfkill Watch.
[[0;32m  OK  [0m] Found device 82540EM Gigabit Ethern...r (PRO/1000 MT Desktop Adapter).
[[0;32m  OK  [0m] Found device 82540EM Gigabit Ethern...r (PRO/1000 MT Desktop Adapter).
[[0;32m  OK  [0m] Started Monitoring of LVM2 mirrors,...ng dmeventd or progress polling.
[[0;32m  OK  [0m] Reached target Local File Systems (Pre).
[[0;32m  OK  [0m] Reached target Local File Systems.
         Starting Create Volatile Files and Directories...
         Starting LSB: AppArmor initialization...
         Starting Set console font and keymap...
         Starting Initial cloud-init job (pre-networking)...
         Starting Tell Plymouth To Write Out Runtime Data...
[[0;32m  OK  [0m] Started Create Volatile Files and Directories.
         Starting Update UTMP about System Boot/Shutdown...
[[0;32m  OK  [0m] Started Update UTMP about System Boot/Shutdown.
[[0;32m  OK  [0m] Started Tell Plymouth To Write Out Runtime Data.
[[0;32m  OK  [0m] Started LSB: AppArmor initialization.
         Starting Load AppArmor profiles managed internally by snapd...
[[0;32m  OK  [0m] Started Load AppArmor profiles managed internally by snapd.
[[0;32m  OK  [0m] Started Set console font and keymap.
[[0;32m  OK  [0m] Created slice system-getty.slice.
[   10.863099] cloud-init[678]: Cloud-init v. 21.1-19-gbad84ad4-0ubuntu1~16.04.2 running 'init-local' at Tue, 19 Nov 2024 16:57:21 +0000. Up 10.72 seconds.
[[0;32m  OK  [0m] Started Initial cloud-init job (pre-networking).
[[0;32m  OK  [0m] Reached target Network (Pre).
[[0;32m  OK  [0m] Started ifup for enp0s8.
         Starting Raise network interfaces...
[[0;32m  OK  [0m] Started ifup for enp0s3.
[[0;32m  OK  [0m] Started Raise network interfaces.
         Starting Initial cloud-init job (metadata service crawler)...
[[0;32m  OK  [0m] Reached target Network.
[   11.370393] cloud-init[1094]: Cloud-init v. 21.1-19-gbad84ad4-0ubuntu1~16.04.2 running 'init' at Tue, 19 Nov 2024 16:57:21 +0000. Up 11.22 seconds.
[   11.371388] cloud-init[1094]: ci-info: ++++++++++++++++++++++++++++++++++++++Net device info++++++++++++++++++++++++++++++++++++++
[   11.372087] cloud-init[1094]: ci-info: +--------+------+----------------------------+---------------+--------+-------------------+
[   11.372742] cloud-init[1094]: ci-info: | Device |  Up  |          Address           |      Mask     | Scope  |     Hw-Address    |
[   11.373406] cloud-init[1094]: ci-info: +--------+------+----------------------------+---------------+--------+-------------------+
[   11.374086] cloud-init[1094]: ci-info: | enp0s3 | True |         10.0.2.15          | 255.255.255.0 | global | 02:be:82:6b:cc:1d |
[   11.374738] cloud-init[1094]: ci-info: | enp0s3 | True | fe80::be:82ff:fe6b:cc1d/64 |       .       |  link  | 02:be:82:6b:cc:1d |
[   11.375383] cloud-init[1094]: ci-info: | enp0s8 | True |        192.168.56.9        | 255.255.255.0 | global | 08:00:27:78:08:5d |
[   11.376063] cloud-init[1094]: ci-info: | enp0s8 | True | fe80::a00:27ff:fe78:85d/64 |       .       |  link  | 08:00:27:78:08:5d |
[   11.376748] cloud-init[1094]: ci-info: |   lo   | True |         127.0.0.1          |   255.0.0.0   |  host  |         .         |
[   11.377410] cloud-init[1094]: ci-info: |   lo   | True |          ::1/128           |       .       |  host  |         .         |
[   11.378061] cloud-init[1094]: ci-info: +--------+------+----------------------------+---------------+--------+-------------------+
[   11.378704] cloud-init[1094]: ci-info: ++++++++++++++++++++++++++++Route IPv4 info++++++++++++++++++++++++++++
[   11.379277] cloud-init[1094]: ci-info: +-------+--------------+----------+---------------+-----------+-------+
[   11.379855] cloud-init[1094]: ci-info: | Route | Destination  | Gateway  |    Genmask    | Interface | Flags |
[   11.380449] cloud-init[1094]: ci-info: +-------+--------------+----------+---------------+-----------+-------+
[   11.381293] cloud-init[1094]: ci-info: |   0   |   0.0.0.0    | 10.0.2.2 |    0.0.0.0    |   enp0s3  |   UG  |
[   11.382070] cloud-init[1094]: ci-info: |   1   |   10.0.2.0   | 0.0.0.0  | 255.255.255.0 |   enp0s3  |   U   |
[   11.388372] cloud-init[1094]: ci-info: |   2   | 192.168.56.0 | 0.0.0.0  | 255.255.255.0 |   enp0s8  |   U   |
[   11.389139] cloud-init[1094]: ci-info: +-------+--------------+----------+---------------+-----------+-------+
[   11.409208] [cloud-init[0;32m  OK  [0m[1094]: ] ci-info: +++++++++++++++++++Route IPv6 info+++++++++++++++++++Started Initial cloud-init job (metadata service crawler).

[   11.409374] cloud-init[1094]: ci-info: +-------+-------------+---------+-----------+-------+
[   11.410799] cloud-init[1094]: ci-info: | Route | Destination | Gateway | Interface | Flags |
[[0;32m  OK  [0m[   11.410939] ] cloud-initReached target Network is Online.[1094]: 
ci-info: +-------+-------------+---------+-----------+-------+
[   11.412029] cloud-init[1094]: ci-info: |   0   |  fe80::/64  |    ::   |   enp0s8  |   U   |
[   11.412628] cloud-init[1094]: ci-info: |   1   |  fe80::/64  |    ::   |   enp0s3  |   U   |
[   11.413155] cloud-init[1094]: ci-info: |   4   |   ff00::/8  |    ::   |   enp0s8  |   U   |
[   11.413728] cloud-init[1094]: ci-info: |   5   |   ff00::/8  |    ::   |   enp0s3  |   U   |
[   11.414308] cloud-init[1094]: ci-info: +-------+-------------+---------+-----------+-------+
         Starting iSCSI initiator daemon (iscsid)...
[[0;32m  OK  [0m] Reached target Cloud-config availability.
[[0;32m  OK  [0m] Reached target System Initialization.
[[0;32m  OK  [0m] Started Message of the Day.
[[0;32m  OK  [0m] Started ACPI Events Check.
[[0;32m  OK  [0m] Reached target Paths.
[[0;32m  OK  [0m] Listening on ACPID Listen Socket.
         Starting LXD - unix socket.
[[0;32m  OK  [0m] Listening on UUID daemon activation socket.
         Starting Socket activation for snappy daemon.
[[0;32m  OK  [0m] Started Daily Cleanup of Temporary Directories.
[[0;32m  OK  [0m] Listening on D-Bus System Message Bus Socket.
[[0;32m  OK  [0m] Started Daily apt download activities.
[[0;32m  OK  [0m] Started Daily apt upgrade and clean activities.
[[0;32m  OK  [0m] Reached target Timers.
         Starting Docker Socket for the API.
[[0;32m  OK  [0m] Listening on LXD - unix socket.
[[0;32m  OK  [0m] Listening on Socket activation for snappy daemon.
[[0;32m  OK  [0m] Listening on Docker Socket for the API.
[[0;32m  OK  [0m] Reached target Sockets.
[[0;32m  OK  [0m] Reached target Basic System.
         Starting LSB: MD monitoring daemon...
         Starting Accounts Service...
[[0;32m  OK  [0m] Started Regular background program processing daemon.
         Starting Login Service...
[[0;32m  OK  [0m] Started GitLab Runner.
[[0;32m  OK  [0m] Started ACPI event daemon.
         Starting /etc/rc.local Compatibility...
[[0;32m  OK  [0m] Started FUSE filesystem for LXC.
         Starting containerd container runtime...
         Starting OpenBSD Secure Shell server...
         Starting Virtualbox guest utils...
         Starting Message of the Day...
[[0;32m  OK  [0m] Started Deferred execution scheduler.
[[0;32m  OK  [0m] Started D-Bus System Message Bus.
         Starting LXD - container startup/shutdown...
         Starting Snap Daemon...
         Starting System Logging Service...
         Starting LSB: Record successful boot for GRUB...
[[0;32m  OK  [0m] Started iSCSI initiator daemon (iscsid).
[[0;32m  OK  [0m] Started /etc/rc.local Compatibility.
[[0;32m  OK  [0m] Started Message of the Day.
[[0;32m  OK  [0m] Started System Logging Service.
[[0;32m  OK  [0m] Started OpenBSD Secure Shell server.
[[0;32m  OK  [0m] Started Login Service.
[[0;32m  OK  [0m] Started Unattended Upgrades Shutdown.
         Starting Authenticate and Authorize Users to Run Privileged Tasks...
         Starting Login to default iSCSI targets...
[[0;32m  OK  [0m] Started LSB: MD monitoring daemon.
[[0;32m  OK  [0m] Started LSB: Record successful boot for GRUB.
[[0;32m  OK  [0m] Started Authenticate and Authorize Users to Run Privileged Tasks.
[[0;32m  OK  [0m] Started Accounts Service.
[[0;32m  OK  [0m] Started Login to default iSCSI targets.
[[0;32m  OK  [0m] Reached target Remote File Systems (Pre).
         Mounting /vagrant...
         Mounting /vagrant_data...
[[0;1;31mFAILED[0m] Failed to mount /vagrant.
See 'systemctl status vagrant.mount' for details.
[[0;1;33mDEPEND[0m] Dependency failed for Remote File Systems.
[[0;1;31mFAILED[0m] Failed to mount /vagrant_data.
See 'systemctl status vagrant_data.mount' for details.
         Starting LSB: Set the CPU Frequency Scaling governor to "ondemand"...
         Starting Permit User Sessions...
         Starting LSB: automatic crash report generation...
         Starting LSB: daemon to balance interrupts for SMP systems...
[[0;32m  OK  [0m] Started Permit User Sessions.
         Starting Terminate Plymouth Boot Screen...
         Starting Hold until boot process finishes up...
[[0;32m  OK  [0m] Started LSB: Set the CPU Frequency Scaling governor to "ondemand".
[[0;32m  OK  [0m] Started Hold until boot process finishes up.
         Starting Set console scheme...
[[0;32m  OK  [0m] Started Serial Getty on ttyS0.
[[0;32m  OK  [0m] Started Getty on tty1.
[[0;32m  OK  [0m] Reached target Login Prompts.
[[0;32m  OK  [0m] Started LSB: automatic crash report generation.
[[0;32m  OK  [0m] Started LXD - container startup/shutdown.
[[0;32m  OK  [0m] Started LSB: daemon to balance interrupts for SMP systems.
[[0;32m  OK  [0m] Started Terminate Plymouth Boot Screen.
[[0;32m  OK  [0m] Started Set console scheme.
[[0;32m  OK  [0m] Started Virtualbox guest utils.
[[0;32m  OK  [0m] Started Snap Daemon.
         Starting Wait until snapd is fully seeded...
[[0;32m  OK  [0m] Started containerd container runtime.
         Starting Docker Application Container Engine...
[[0;32m  OK  [0m] Started Wait until snapd is fully seeded.
         Starting Apply the settings specified in cloud-config...
[   12.023509] cloud-init[1387]: Cloud-init v. 21.1-19-gbad84ad4-0ubuntu1~16.04.2 running 'modules:config' at Tue, 19 Nov 2024 16:57:22 +0000. Up 11.94 seconds.
[[0;32m  OK  [0m] Started Apply the settings specified in cloud-config.
         Starting cloud-id shim...
[[0;32m  OK  [0m] Started Docker Application Container Engine.
[[0;32m  OK  [0m] Started cloud-id shim.
[[0;32m  OK  [0m] Reached target Multi-User System.
[[0;32m  OK  [0m] Reached target Graphical Interface.
         Starting Execute cloud user/final scripts...
[[0;32m  OK  [0m] Started GitLab Runit supervision process.
         Starting Update UTMP about System Runlevel Changes...
[[0;32m  OK  [0m] Started Update UTMP about System Runlevel Changes.
[   12.621319] cloud-init[1595]: Cloud-init v. 21.1-19-gbad84ad4-0ubuntu1~16.04.2 running 'modules:final' at Tue, 19 Nov 2024 16:57:23 +0000. Up 12.50 seconds.
[   12.623148] cloud-init[1595]: Cloud-init v. 21.1-19-gbad84ad4-0ubuntu1~16.04.2 finished at Tue, 19 Nov 2024 16:57:23 +0000. Datasource DataSourceNoCloud [seed=/dev/sdb][dsmode=net].  Up 12.61 seconds
[[0;32m  OK  [0m] Created slice User Slice of vagrant.
[[0;32m  OK  [0m] Started Execute cloud user/final scripts.
         Starting User Manager for UID 1000...
         Starting Daily apt download activities...
[[0;32m  OK  [0m] Reached target Cloud-init target.
[[0;32m  OK  [0m] Started Session 1 of user vagrant.
[[0;32m  OK  [0m] Started User Manager for UID 1000.
         Starting Update APT News...
         Starting Update the local ESM caches...
[[0;32m  OK  [0m] Started Update the local ESM caches.
[[0;32m  OK  [0m] Started Update APT News.

Ubuntu 16.04.7 LTS integration-server ttyS0

integration-server login:          Stopping Authenticate and Authorize Users to Run Privileged Tasks...
[[0;32m  OK  [0m] Stopped target Timers.
         Stopping GitLab Runit supervision process...
[[0;32m  OK  [0m] Stopped Message of the Day.
         Unmounting /vagrant_data...
[[0;32m  OK  [0m] Stopped Daily apt upgrade and clean activities.
[[0;32m  OK  [0m] Stopped Daily apt download activities.
[[0;32m  OK  [0m] Stopped target System Time Synchronized.
         Stopping User Manager for UID 1000...
         Stopping Session 6 of user vagrant.
[[0;32m  OK  [0m] Stopped target Cloud-init target.
         Stopping ACPI event daemon...
[[0;32m  OK  [0m] Stopped Daily Cleanup of Temporary Directories.
         Unmounting /vagrant...
[[0;32m  OK  [0m] Closed Load/Save RF Kill Switch Status /dev/rfkill Watch.
[[0;32m  OK  [0m] Stopped Execute cloud user/final scripts.
[[0;32m  OK  [0m] Stopped Apply the settings specified in cloud-config.
[[0;32m  OK  [0m] Stopped target Cloud-config availability.
[[0;32m  OK  [0m] Stopped target Graphical Interface.
         Stopping Accounts Service...
[[0;32m  OK  [0m] Stopped Authenticate and Authorize Users to Run Privileged Tasks.
[[0;32m  OK  [0m] Stopped Accounts Service.
[[0;32m  OK  [0m] Stopped User Manager for UID 1000.
[[0;32m  OK  [0m] Unmounted /vagrant_data.
[[0;32m  OK  [0m] Unmounted /vagrant.
[[0;32m  OK  [0m] Stopped Session 6 of user vagrant.
[[0;32m  OK  [0m] Stopped target Remote File Systems (Pre).
         Stopping Login to default iSCSI targets...
[[0;32m  OK  [0m] Removed slice User Slice of vagrant.
[[0;32m  OK  [0m] Stopped User Manager for UID 1000.
[[0;32m  OK  [0m] Removed slice user-1000.slice.
[[0;32m  OK  [0m] Unmounted /run/user/1000.
[[0;32m  OK  [0m] Stopped Login to default iSCSI targets.
         Stopping iSCSI initiator daemon (iscsid)...
[[0;32m  OK  [0m] Stopped iSCSI initiator daemon (iscsid).
[[0;32m  OK  [0m] Stopped ACPI event daemon.
[[0;32m  OK  [0m] Stopped GitLab Runit supervision process.
[[0;32m  OK  [0m] Stopped target Multi-User System.
         Stopping D-Bus System Message Bus...
         Stopping LSB: automatic crash report generation...
         Stopping FUSE filesystem for LXC...
         Stopping LSB: MD monitoring daemon...
         Stopping Virtualbox guest utils...
         Stopping Login Service...
         Stopping Regular background program processing daemon...
         Stopping LSB: daemon to balance interrupts for SMP systems...
         Stopping GitLab Runner...
         Stopping LSB: Set the CPU Frequency Scaling governor to "ondemand"...
[[0;32m  OK  [0m] Stopped Wait until snapd is fully seeded.
         Stopping LSB: Record successful boot for GRUB...
[[0;32m  OK  [0m] Stopped target Login Prompts.
         Stopping Getty on tty1...
         Stopping Serial Getty on ttyS0...
         Stopping Deferred execution scheduler...
         Stopping OpenBSD Secure Shell server...
         Stopping LXD - container startup/shutdown...
         Stopping System Logging Service...
         Stopping Docker Application Container Engine...
[[0;32m  OK  [0m] Unmounted /var/lib/lxcfs.
[[0;32m  OK  [0m] Stopped Regular background program processing daemon.
[[0;32m  OK  [0m] Stopped Deferred execution scheduler.
[[0;32m  OK  [0m] Stopped System Logging Service.
[[0;32m  OK  [0m] Stopped OpenBSD Secure Shell server.
[[0;32m  OK  [0m] Stopped Serial Getty on ttyS0.
[[0;32m  OK  [0m] Stopped Getty on tty1.
[[0;32m  OK  [0m] Stopped GitLab Runner.
[[0;32m  OK  [0m] Stopped D-Bus System Message Bus.
[[0;32m  OK  [0m] Stopped Docker Application Container Engine.
[[0;32m  OK  [0m] Stopped FUSE filesystem for LXC.
         Stopping containerd container runtime...
[[0;32m  OK  [0m] Removed slice system-getty.slice.
[[0;32m  OK  [0m] Removed slice system-serial\x2dgetty.slice.
[[0;32m  OK  [0m] Stopped /etc/rc.local Compatibility.
[[0;32m  OK  [0m] Stopped target Network is Online.
         Stopping Permit User Sessions...
[[0;32m  OK  [0m] Reached target Unmount All Filesystems.
[[0;32m  OK  [0m] Stopped LSB: automatic crash report generation.
[[0;32m  OK  [0m] Stopped LSB: MD monitoring daemon.
[[0;32m  OK  [0m] Stopped LSB: daemon to balance interrupts for SMP systems.
[[0;32m  OK  [0m] Stopped containerd container runtime.
[[0;32m  OK  [0m] Stopped Virtualbox guest utils.
[[0;32m  OK  [0m] Stopped LSB: Set the CPU Frequency Scaling governor to "ondemand".
[[0;32m  OK  [0m] Stopped LSB: Record successful boot for GRUB.
[[0;32m  OK  [0m] Stopped LXD - container startup/shutdown.
[[0;32m  OK  [0m] Stopped Permit User Sessions.
[[0;32m  OK  [0m] Stopped target Network.
[[0;32m  OK  [0m] Stopped Login Service.
[[0;32m  OK  [0m] Stopped target User and Group Name Lookups.
[[0;32m  OK  [0m] Stopped target Basic System.
[[0;32m  OK  [0m] Stopped target Sockets.
[[0;32m  OK  [0m] Closed ACPID Listen Socket.
[[0;32m  OK  [0m] Closed LXD - unix socket.
[[0;32m  OK  [0m] Closed UUID daemon activation socket.
[[0;32m  OK  [0m] Closed Socket activation for snappy daemon.
[[0;32m  OK  [0m] Closed Docker Socket for the API.
[[0;32m  OK  [0m] Closed Syslog Socket.
[[0;32m  OK  [0m] Closed D-Bus System Message Bus Socket.
[[0;32m  OK  [0m] Stopped target Paths.
[[0;32m  OK  [0m] Stopped ACPI Events Check.
[[0;32m  OK  [0m] Stopped Dispatch Password Requests to Console Directory Watch.
[[0;32m  OK  [0m] Stopped Forward Password Requests to Wall Directory Watch.
[[0;32m  OK  [0m] Stopped target Slices.
[[0;32m  OK  [0m] Removed slice User and Session Slice.
[[0;32m  OK  [0m] Stopped target System Initialization.
[[0;32m  OK  [0m] Stopped target Swap.
         Stopping Update UTMP about System Boot/Shutdown...
[[0;32m  OK  [0m] Stopped target Encrypted Volumes.
         Stopping Load/Save Random Seed...
[[0;32m  OK  [0m] Stopped Initial cloud-init job (metadata service crawler).
         Stopping Raise network interfaces...
[[0;32m  OK  [0m] Stopped Load/Save Random Seed.
[[0;32m  OK  [0m] Stopped Update UTMP about System Boot/Shutdown.
[[0;32m  OK  [0m] Stopped Create Volatile Files and Directories.
[[0;32m  OK  [0m] Stopped Raise network interfaces.
[[0;32m  OK  [0m] Stopped target Network (Pre).
[[0;32m  OK  [0m] Stopped Initial cloud-init job (pre-networking).
[[0;32m  OK  [0m] Stopped Apply Kernel Variables.
[[0;32m  OK  [0m] Stopped target Local File Systems.
[[0;32m  OK  [0m] Stopped target Local File Systems (Pre).
[[0;32m  OK  [0m] Stopped Create Static Device Nodes in /dev.
         Stopping Monitoring of LVM2 mirrors... dmeventd or progress polling...
[[0;32m  OK  [0m] Stopped Remount Root and Kernel File Systems.
[[0;32m  OK  [0m] Stopped Load Kernel Modules.
[[0;32m  OK  [0m] Reached target Shutdown.
[ 8277.297023] reboot: Power down
